Archive member included to satisfy reference by file (symbol)

C:/Users/h274519/ON_Semiconductor/ONSemiconductor/RSL10/3.0.534/lib/ble_core/Release/libblelib.a(rwip.o)
                              ./code/ble_std.o (BLE_InitNoTL)
C:/Users/h274519/ON_Semiconductor/ONSemiconductor/RSL10/3.0.534/lib/ble_core/Release/libblelib.a(rwble.o)
                              C:/Users/h274519/ON_Semiconductor/ONSemiconductor/RSL10/3.0.534/lib/ble_core/Release/libblelib.a(rwip.o) (rwble_init)
C:/Users/h274519/ON_Semiconductor/ONSemiconductor/RSL10/3.0.534/lib/ble_core/Release/libblelib.a(rf_atlas.o)
                              C:/Users/h274519/ON_Semiconductor/ONSemiconductor/RSL10/3.0.534/lib/ble_core/Release/libblelib.a(rwip.o) (rf_init)
C:/Users/h274519/ON_Semiconductor/ONSemiconductor/RSL10/3.0.534/lib/ble_core/Release/libblelib.a(prf-prf_utils.o)
                              ./code/ble_bass.o (prf_env_get)
C:/Users/h274519/ON_Semiconductor/ONSemiconductor/RSL10/3.0.534/lib/ble_core/Release/libblelib.a(lld_evt.o)
                              C:/Users/h274519/ON_Semiconductor/ONSemiconductor/RSL10/3.0.534/lib/ble_core/Release/libblelib.a(rwip.o) (ble_max_rx_window_size)
C:/Users/h274519/ON_Semiconductor/ONSemiconductor/RSL10/3.0.534/lib/ble_core/Release/libblelib.a(lld_sleep.o)
                              C:/Users/h274519/ON_Semiconductor/ONSemiconductor/RSL10/3.0.534/lib/ble_core/Release/libblelib.a(rwip.o) (lld_sleep_params)
C:/Users/h274519/ON_Semiconductor/ONSemiconductor/RSL10/3.0.534/lib/ble_core/Release/libblelib.a(hci.o)
                              C:/Users/h274519/ON_Semiconductor/ONSemiconductor/RSL10/3.0.534/lib/ble_core/Release/libblelib.a(rwip.o) (hci_reset)
C:/Users/h274519/ON_Semiconductor/ONSemiconductor/RSL10/3.0.534/lib/ble_core/Release/libblelib.a(hci_fc.o)
                              C:/Users/h274519/ON_Semiconductor/ONSemiconductor/RSL10/3.0.534/lib/ble_core/Release/libblelib.a(hci.o) (hci_fc_init)
C:/Users/h274519/ON_Semiconductor/ONSemiconductor/RSL10/3.0.534/lib/ble_core/Release/libblelib.a(hci_msg.o)
                              C:/Users/h274519/ON_Semiconductor/ONSemiconductor/RSL10/3.0.534/lib/ble_core/Release/libblelib.a(hci.o) (hci_look_for_cmd_desc)
C:/Users/h274519/ON_Semiconductor/ONSemiconductor/RSL10/3.0.534/lib/ble_core/Release/libblelib.a(llm.o)
                              C:/Users/h274519/ON_Semiconductor/ONSemiconductor/RSL10/3.0.534/lib/ble_core/Release/libblelib.a(rwip.o) (llm_le_env)
C:/Users/h274519/ON_Semiconductor/ONSemiconductor/RSL10/3.0.534/lib/ble_core/Release/libblelib.a(llm_task.o)
                              C:/Users/h274519/ON_Semiconductor/ONSemiconductor/RSL10/3.0.534/lib/ble_core/Release/libblelib.a(llm.o) (llm_state)
C:/Users/h274519/ON_Semiconductor/ONSemiconductor/RSL10/3.0.534/lib/ble_core/Release/libblelib.a(llm_util.o)
                              C:/Users/h274519/ON_Semiconductor/ONSemiconductor/RSL10/3.0.534/lib/ble_core/Release/libblelib.a(llm.o) (llm_util_bd_addr_wl_position)
C:/Users/h274519/ON_Semiconductor/ONSemiconductor/RSL10/3.0.534/lib/ble_core/Release/libblelib.a(lld.o)
                              C:/Users/h274519/ON_Semiconductor/ONSemiconductor/RSL10/3.0.534/lib/ble_core/Release/libblelib.a(rwble.o) (lld_init)
C:/Users/h274519/ON_Semiconductor/ONSemiconductor/RSL10/3.0.534/lib/ble_core/Release/libblelib.a(lld_pdu.o)
                              C:/Users/h274519/ON_Semiconductor/ONSemiconductor/RSL10/3.0.534/lib/ble_core/Release/libblelib.a(lld_evt.o) (lld_pdu_check)
C:/Users/h274519/ON_Semiconductor/ONSemiconductor/RSL10/3.0.534/lib/ble_core/Release/libblelib.a(lld_util.o)
                              C:/Users/h274519/ON_Semiconductor/ONSemiconductor/RSL10/3.0.534/lib/ble_core/Release/libblelib.a(llm_util.o) (lld_util_set_bd_address)
C:/Users/h274519/ON_Semiconductor/ONSemiconductor/RSL10/3.0.534/lib/ble_core/Release/libblelib.a(lld_wlcoex.o)
                              C:/Users/h274519/ON_Semiconductor/ONSemiconductor/RSL10/3.0.534/lib/ble_core/Release/libblelib.a(rwip.o) (lld_wlcoex_set)
C:/Users/h274519/ON_Semiconductor/ONSemiconductor/RSL10/3.0.534/lib/ble_core/Release/libblelib.a(llc.o)
                              C:/Users/h274519/ON_Semiconductor/ONSemiconductor/RSL10/3.0.534/lib/ble_core/Release/libblelib.a(rwble.o) (llc_init)
C:/Users/h274519/ON_Semiconductor/ONSemiconductor/RSL10/3.0.534/lib/ble_core/Release/libblelib.a(llc_llcp.o)
                              C:/Users/h274519/ON_Semiconductor/ONSemiconductor/RSL10/3.0.534/lib/ble_core/Release/libblelib.a(lld_pdu.o) (llc_llcp_recv_handler)
C:/Users/h274519/ON_Semiconductor/ONSemiconductor/RSL10/3.0.534/lib/ble_core/Release/libblelib.a(llc_task.o)
                              C:/Users/h274519/ON_Semiconductor/ONSemiconductor/RSL10/3.0.534/lib/ble_core/Release/libblelib.a(llc.o) (llc_state)
C:/Users/h274519/ON_Semiconductor/ONSemiconductor/RSL10/3.0.534/lib/ble_core/Release/libblelib.a(llc_util.o)
[...]
Memory Configuration

Name             Origin             Length             Attributes
ROM              0x00000000         0x00001000         r
FLASH            0x00100000         0x0005f000         xrw
PRAM             0x00200000         0x00008000         xrw
DRAM             0x20000000         0x00008000         xrw
DRAM_DSP         0x20008000         0x0000a000         xrw
DRAM_BB          0x20012000         0x00004000         xrw
*default*        0x00000000         0xffffffff

Linker script and memory map

START GROUP
LOAD ./code/app_init.o
LOAD ./code/app_process.o
LOAD ./code/ble_bass.o
LOAD ./code/ble_custom.o
LOAD ./code/ble_diss.o
LOAD ./code/ble_std.o
LOAD ./code/uart.o
LOAD ./RTE/Device/stubprf.o
LOAD ./app.o
LOAD C:/Users/h274519/ON_Semiconductor/ONSemiconductor/RSL10/3.0.534/lib/ble_core/Release/libblelib.a
LOAD C:/Users/h274519/ON_Semiconductor/ONSemiconductor/RSL10/3.0.534/lib/ble_core/Release/libkelib.a
LOAD C:/Users/h274519/ON_Semiconductor/ONSemiconductor/RSL10/3.0.534/lib/ble_profiles/Release/libbass.a
LOAD C:/Users/h274519/ON_Semiconductor/ONSemiconductor/RSL10/3.0.534/lib/Release/libsyslib.a
LOAD C:/Users/h274519/ON_Semiconductor/ONSemiconductor/RSL10/3.0.534/lib/Release/libcmsis.a
LOAD C:\Users\h274519\ON_Semiconductor\ONSemiconductor\RSL10\3.0.534\lib\ble_profiles\Release\libDISS.a
END GROUP
START GROUP
LOAD c:/program files (x86)/on semiconductor/ide/arm_tools/bin/../lib/gcc/arm-none-eabi/6.3.1/thumb/v7-m\libgcc.a
LOAD c:/program files (x86)/on semiconductor/ide/arm_tools/bin/../lib/gcc/arm-none-eabi/6.3.1/../../../../arm-none-eabi/lib/thumb/v7-m\libg_nano.a
LOAD c:/program files (x86)/on semiconductor/ide/arm_tools/bin/../lib/gcc/arm-none-eabi/6.3.1/../../../../arm-none-eabi/lib/thumb/v7-m\libc_nano.a
END GROUP
START GROUP
LOAD c:/program files (x86)/on semiconductor/ide/arm_tools/bin/../lib/gcc/arm-none-eabi/6.3.1/thumb/v7-m\libgcc.a
LOAD c:/program files (x86)/on semiconductor/ide/arm_tools/bin/../lib/gcc/arm-none-eabi/6.3.1/../../../../arm-none-eabi/lib/thumb/v7-m\libc_nano.a
END GROUP
                0x20008000                __stack = (ORIGIN (DRAM) + LENGTH (DRAM))
                [!provide]                PROVIDE (__stack, __stack)
                0x00000400                __Main_Stack_Size = 0x400
                [!provide]                PROVIDE (_Main_Stack_Size, __Main_Stack_Size)
                0x20007c00                __Main_Stack_Limit = (__stack - __Main_Stack_Size)
                [!provide]                PROVIDE (_Main_Stack_Limit, __Main_Stack_Limit)
                0x20004e9c                PROVIDE (__Heap_Begin__, __noinit_end__)
                0x20007c00                PROVIDE (__Heap_Limit__, (__stack - __Main_Stack_Size))
                0xe000ed08                __VTOR = 0xe000ed08

.text           0x00100000    0x22e0c
                0x00100000                . = ALIGN (0x4)
 *(.interrupt_vector)
 .interrupt_vector
                0x00100000      0x164 C:/Users/h274519/ON_Semiconductor/ONSemiconductor/RSL10/3.0.534/lib/Release/libcmsis.a(startup_rsl10.o)
                0x00100000                ISR_Vector_Table
 *(.reset)
 .reset         0x00100164       0x18 C:/Users/h274519/ON_Semiconductor/ONSemiconductor/RSL10/3.0.534/lib/Release/libcmsis.a(startup_rsl10.o)
                0x00100164                Reset_Handler
                0x0010017c                . = ALIGN (0x4)
                0x0010017c                PROVIDE (__preinit_array_start__, .)
 *(.preinit_array_sysinit .preinit_array_sysinit.*)
 *(.preinit_array_platform .preinit_array_platform.*)
 *(.preinit_array .preinit_array.*)
                0x0010017c                PROVIDE (__preinit_array_end__, .)
                0x0010017c                . = ALIGN (0x4)
                0x0010017c                PROVIDE (__init_array_start__, .)
 *(SORT(.init_array.*))
 *(.init_array)
                0x0010017c                PROVIDE (__init_array_end__, .)
                0x0010017c                . = ALIGN (0x4)
 *(.text .text.*)
 .text.Sys_DIO_Config
                0x0010017c       0x24 ./code/app_init.o
 .text.Sys_Clocks_SystemClkConfig
                0x001001a0       0x34 ./code/app_init.o
 .text.Sys_NVIC_DisableAllInt
                0x001001d4       0x30 ./code/app_init.o
 .text.Sys_NVIC_ClearAllPendingInt
                0x00100204       0x30 ./code/app_init.o
 .text.Sys_ADC_Set_Config
                0x00100234       0x20 ./code/app_init.o
 .text.Sys_ADC_InputSelectConfig
                0x00100254       0x24 ./code/app_init.o
 .text.App_Initialize
                0x00100278      0x158 ./code/app_init.o
                0x00100278                App_Initialize
 .text.App_Env_Initialize
                0x001003d0       0x30 ./code/app_init.o
                0x001003d0                App_Env_Initialize
 .text.Sys_GPIO_Set_High
                0x00100400       0x3c ./code/app_process.o
 .text.Sys_GPIO_Set_Low
                0x0010043c       0x3c ./code/app_process.o
 .text.Sys_GPIO_Toggle
                0x00100478       0x3c ./code/app_process.o
 .text.APP_Timer
                0x001004b4       0xf0 ./code/app_process.o
                0x001004b4                APP_Timer
 .text.LED_Timer
                0x001005a4       0x58 ./code/app_process.o
                0x001005a4                LED_Timer
 .text.Msg_Handler
                0x001005fc       0x24 ./code/app_process.o
                0x001005fc                Msg_Handler
 .text.Bass_Env_Initialize
                0x00100620       0x18 ./code/ble_bass.o
                0x00100620                Bass_Env_Initialize
 .text.Batt_ServiceAdd_Server
                0x00100638       0x74 ./code/ble_bass.o
                0x00100638                Batt_ServiceAdd_Server
 .text.Batt_ServiceEnable_Server
                0x001006ac       0x56 ./code/ble_bass.o
                0x001006ac                Batt_ServiceEnable_Server
 .text.Batt_LevelUpdateSend
                0x00100702       0x52 ./code/ble_bass.o
                0x00100702                Batt_LevelUpdateSend
 .text.Batt_LevelNtfCfgInd
                0x00100754       0x30 ./code/ble_bass.o
                0x00100754                Batt_LevelNtfCfgInd
 .text.Batt_EnableRsp_Server
                0x00100784       0x38 ./code/ble_bass.o
                0x00100784                Batt_EnableRsp_Server
 .text.CustomService_Env_Initialize
                0x001007bc       0x30 ./code/ble_custom.o
                0x001007bc                CustomService_Env_Initialize
 .text.CustomService_ServiceAdd
                0x001007ec       0xc0 ./code/ble_custom.o
                0x001007ec                CustomService_ServiceAdd
 .text.GATTM_AddSvcRsp
                0x001008ac       0x4c ./code/ble_custom.o
                0x001008ac                GATTM_AddSvcRsp
 .text.GATTC_ReadReqInd
                0x001008f8      0x138 ./code/ble_custom.o
                0x001008f8                GATTC_ReadReqInd
 .text.GATTC_WriteReqInd
                0x00100a30      0x1b4 ./code/ble_custom.o
                0x00100a30                GATTC_WriteReqInd
 .text.CustomService_SendNotification
                0x00100be4       0x8c ./code/ble_custom.o
                0x00100be4                CustomService_SendNotification
 .text.GATTC_CmpEvt
                0x00100c70       0x50 ./code/ble_custom.o
                0x00100c70                GATTC_CmpEvt
 .text.Diss_Env_Initialize
                0x00100cc0       0x18 ./code/ble_diss.o
                0x00100cc0                Diss_Env_Initialize
 .text.DeviceInfo_ValueReqInd
                0x00100cd8      0x11c ./code/ble_diss.o
                0x00100cd8                DeviceInfo_ValueReqInd
 .text.DeviceInfo_ServiceAdd
                0x00100df4       0x50 ./code/ble_diss.o
                0x00100df4                DeviceInfo_ServiceAdd
 .text.__NVIC_EnableIRQ
                0x00100e44       0x38 ./code/ble_std.o
 .text.Device_Param_Prepare
                0x00100e7c       0x48 ./code/ble_std.o
                0x00100e7c                Device_Param_Prepare
 .text.BLE_Initialize
                0x00100ec4      0x17c ./code/ble_std.o
                0x00100ec4                BLE_Initialize
 .text.Service_Add
                0x00101040       0x40 ./code/ble_std.o
                0x00101040                Service_Add
 .text.Advertising_Start
                0x00101080      0x17c ./code/ble_std.o
                0x00101080                Advertising_Start
 .text.GAPM_ProfileAddedInd
                0x001011fc       0x48 ./code/ble_std.o
                0x001011fc                GAPM_ProfileAddedInd
 .text.GAPM_CmpEvt
                0x00101244       0xbc ./code/ble_std.o
                0x00101244                GAPM_CmpEvt
 .text.GAPC_GetDevInfoReqInd
                0x00101300       0xac ./code/ble_std.o
                0x00101300                GAPC_GetDevInfoReqInd
 .text.GAPC_ConnectionReqInd
                0x001013ac       0xc8 ./code/ble_std.o
                0x001013ac                GAPC_ConnectionReqInd
 .text.GAPC_CmpEvt
                0x00101474       0x24 ./code/ble_std.o
                0x00101474                GAPC_CmpEvt
 .text.GAPC_DisconnectInd
                0x00101498       0x3c ./code/ble_std.o
                0x00101498                GAPC_DisconnectInd
 .text.GAPC_ParamUpdatedInd
                0x001014d4       0x40 ./code/ble_std.o
                0x001014d4                GAPC_ParamUpdatedInd
 .text.GAPC_ParamUpdateReqInd
                0x00101514       0x60 ./code/ble_std.o
                0x00101514                GAPC_ParamUpdateReqInd
 .text.BLE_SetServiceState
                0x00101574       0x48 ./code/ble_std.o
                0x00101574                BLE_SetServiceState
 .text.Service_Enable
                0x001015bc       0x50 ./code/ble_std.o
                0x001015bc                Service_Enable
 .text.Connection_SetPktLength
                0x0010160c       0x54 ./code/ble_std.o
                0x0010160c                Connection_SetPktLength
 .text.Connection_ExchangeMTUCmd
                0x00101660       0x40 ./code/ble_std.o
                0x00101660                Connection_ExchangeMTUCmd
 .text.Connection_SetPHY
                0x001016a0       0x54 ./code/ble_std.o
                0x001016a0                Connection_SetPHY
 .text.__NVIC_EnableIRQ
                0x001016f4       0x38 ./code/uart.o
 .text.Sys_DIO_Config
                0x0010172c       0x24 ./code/uart.o
 .text.Sys_DMA_Get_ChannelStatus
                0x00101750       0x24 ./code/uart.o
 .text.Sys_DMA_ClearChannelStatus
                0x00101774       0x24 ./code/uart.o
 .text.Sys_DMA_ChannelDisable
                0x00101798       0x22 ./code/uart.o
 *fill*         0x001017ba        0x2 
 .text.Sys_UART_DIOConfig
                0x001017bc       0x3c ./code/uart.o
 .text.DMA1_IRQHandler
                0x001017f8        0xc ./code/uart.o
                0x001017f8                DMA1_IRQHandler
 .text.UART_Initialize
                0x00101804       0x80 ./code/uart.o
                0x00101804                UART_Initialize
 .text.UART_EmptyRXBuffer
                0x00101884      0x188 ./code/uart.o
                0x00101884                UART_EmptyRXBuffer
 .text.UART_FillTXBuffer
                0x00101a0c      0x11c ./code/uart.o
                0x00101a0c                UART_FillTXBuffer
 .text.createNode
                0x00101b28       0x48 ./code/uart.o
                0x00101b28                createNode
 .text.removeNode
                0x00101b70       0x22 ./code/uart.o
                0x00101b70                removeNode
 *fill*         0x00101b92        0x2 
 .text.UART_Timer
                0x00101b94       0x38 ./code/uart.o
                0x00101b94                UART_Timer
 .text.htpt_prf_itf_get
                0x00101bcc        0xe ./RTE/Device/stubprf.o
                0x00101bcc                htpt_prf_itf_get
 .text.htpc_prf_itf_get
                0x00101bda        0xe ./RTE/Device/stubprf.o
                0x00101bda                htpc_prf_itf_get
 .text.disc_prf_itf_get
                0x00101be8        0xe ./RTE/Device/stubprf.o
                0x00101be8                disc_prf_itf_get
 .text.blps_prf_itf_get
                0x00101bf6        0xe ./RTE/Device/stubprf.o
                0x00101bf6                blps_prf_itf_get
 .text.blpc_prf_itf_get
                0x00101c04        0xe ./RTE/Device/stubprf.o
                0x00101c04                blpc_prf_itf_get
 .text.tips_prf_itf_get
                0x00101c12        0xe ./RTE/Device/stubprf.o
                0x00101c12                tips_prf_itf_get
 .text.tipc_prf_itf_get
                0x00101c20        0xe ./RTE/Device/stubprf.o
                0x00101c20                tipc_prf_itf_get
 .text.hrps_prf_itf_get
                0x00101c2e        0xe ./RTE/Device/stubprf.o
                0x00101c2e                hrps_prf_itf_get
 .text.hrpc_prf_itf_get
                0x00101c3c        0xe ./RTE/Device/stubprf.o
                0x00101c3c                hrpc_prf_itf_get
 .text.findl_prf_itf_get
                0x00101c4a        0xe ./RTE/Device/stubprf.o
                0x00101c4a                findl_prf_itf_get
 .text.findt_prf_itf_get
                0x00101c58        0xe ./RTE/Device/stubprf.o
                0x00101c58                findt_prf_itf_get
 .text.proxm_prf_itf_get
                0x00101c66        0xe ./RTE/Device/stubprf.o
                0x00101c66                proxm_prf_itf_get
 .text.proxr_prf_itf_get
                0x00101c74        0xe ./RTE/Device/stubprf.o
                0x00101c74                proxr_prf_itf_get
 .text.scppc_prf_itf_get
                0x00101c82        0xe ./RTE/Device/stubprf.o
                0x00101c82                scppc_prf_itf_get
 .text.scpps_prf_itf_get
                0x00101c90        0xe ./RTE/Device/stubprf.o
                0x00101c90                scpps_prf_itf_get
 .text.basc_prf_itf_get
                0x00101c9e        0xe ./RTE/Device/stubprf.o
                0x00101c9e                basc_prf_itf_get
 .text.hogpd_prf_itf_get
                0x00101cac        0xe ./RTE/Device/stubprf.o
                0x00101cac                hogpd_prf_itf_get
 .text.hogpbh_prf_itf_get
                0x00101cba        0xe ./RTE/Device/stubprf.o
                0x00101cba                hogpbh_prf_itf_get
 .text.hogprh_prf_itf_get
                0x00101cc8        0xe ./RTE/Device/stubprf.o
                0x00101cc8                hogprh_prf_itf_get
 .text.glpc_prf_itf_get
                0x00101cd6        0xe ./RTE/Device/stubprf.o
                0x00101cd6                glpc_prf_itf_get
 .text.glps_prf_itf_get
                0x00101ce4        0xe ./RTE/Device/stubprf.o
                0x00101ce4                glps_prf_itf_get
 .text.rscpc_prf_itf_get
                0x00101cf2        0xe ./RTE/Device/stubprf.o
                0x00101cf2                rscpc_prf_itf_get
 .text.rscps_prf_itf_get
                0x00101d00        0xe ./RTE/Device/stubprf.o
                0x00101d00                rscps_prf_itf_get
 .text.cscpc_prf_itf_get
                0x00101d0e        0xe ./RTE/Device/stubprf.o
                0x00101d0e                cscpc_prf_itf_get
 .text.cscps_prf_itf_get
                0x00101d1c        0xe ./RTE/Device/stubprf.o
                0x00101d1c                cscps_prf_itf_get
 .text.anpc_prf_itf_get
                0x00101d2a        0xe ./RTE/Device/stubprf.o
                0x00101d2a                anpc_prf_itf_get
 .text.anps_prf_itf_get
                0x00101d38        0xe ./RTE/Device/stubprf.o
                0x00101d38                anps_prf_itf_get
 .text.paspc_prf_itf_get
                0x00101d46        0xe ./RTE/Device/stubprf.o
                0x00101d46                paspc_prf_itf_get
 .text.pasps_prf_itf_get
                0x00101d54        0xe ./RTE/Device/stubprf.o
                0x00101d54                pasps_prf_itf_get
 .text.cppc_prf_itf_get
                0x00101d62        0xe ./RTE/Device/stubprf.o
                0x00101d62                cppc_prf_itf_get
 .text.cpps_prf_itf_get
                0x00101d70        0xe ./RTE/Device/stubprf.o
                0x00101d70                cpps_prf_itf_get
 .text.lanc_prf_itf_get
                0x00101d7e        0xe ./RTE/Device/stubprf.o
                0x00101d7e                lanc_prf_itf_get
 .text.lans_prf_itf_get
                0x00101d8c        0xe ./RTE/Device/stubprf.o
                0x00101d8c                lans_prf_itf_get
 .text.wpts_prf_itf_get
                0x00101d9a        0xe ./RTE/Device/stubprf.o
                0x00101d9a                wpts_prf_itf_get
 .text.wptc_prf_itf_get
                0x00101da8        0xe ./RTE/Device/stubprf.o
                0x00101da8                wptc_prf_itf_get
 *fill*         0x00101db6        0x2 
 .text.Sys_Watchdog_Refresh
                0x00101db8       0x1c ./app.o
 .text.main     0x00101dd4       0xf0 ./app.o
                0x00101dd4                main
 .text.rwip_reset
                0x00101ec4       0x34 C:/Users/h274519/ON_Semiconductor/ONSemiconductor/RSL10/3.0.534/lib/ble_core/Release/libblelib.a(rwip.o)
                0x00101ec4                rwip_reset
 .text.rwip_prevent_sleep_set
                0x00101ef8       0x14 C:/Users/h274519/ON_Semiconductor/ONSemiconductor/RSL10/3.0.534/lib/ble_core/Release/libblelib.a(rwip.o)
                0x00101ef8                rwip_prevent_sleep_set
 .text.rwip_wakeup
                0x00101f0c       0x10 C:/Users/h274519/ON_Semiconductor/ONSemiconductor/RSL10/3.0.534/lib/ble_core/Release/libblelib.a(rwip.o)
                0x00101f0c                rwip_wakeup
 .text.rwip_prevent_sleep_clear
                0x00101f1c       0x14 C:/Users/h274519/ON_Semiconductor/ONSemiconductor/RSL10/3.0.534/lib/ble_core/Release/libblelib.a(rwip.o)
                0x00101f1c                rwip_prevent_sleep_clear
 .text.rwip_wakeup_end
                0x00101f30       0x24 C:/Users/h274519/ON_Semiconductor/ONSemiconductor/RSL10/3.0.534/lib/ble_core/Release/libblelib.a(rwip.o)
                0x00101f30                rwip_wakeup_end
 .text.rwip_sleep_lpcycles_2_us
                0x00101f54       0x54 C:/Users/h274519/ON_Semiconductor/ONSemiconductor/RSL10/3.0.534/lib/ble_core/Release/libblelib.a(rwip.o)
                0x00101f54                rwip_sleep_lpcycles_2_us
 .text.rwip_us_2_lpcycles
                0x00101fa8       0x24 C:/Users/h274519/ON_Semiconductor/ONSemiconductor/RSL10/3.0.534/lib/ble_core/Release/libblelib.a(rwip.o)
                0x00101fa8                rwip_us_2_lpcycles
 .text.rwip_wakeup_delay_set
                0x00101fcc       0x2c C:/Users/h274519/ON_Semiconductor/ONSemiconductor/RSL10/3.0.534/lib/ble_core/Release/libblelib.a(rwip.o)
                0x00101fcc                rwip_wakeup_delay_set
 .text.BLE_InitNoTL
                0x00101ff8       0x8c C:/Users/h274519/ON_Semiconductor/ONSemiconductor/RSL10/3.0.534/lib/ble_core/Release/libblelib.a(rwip.o)
                0x00101ff8                BLE_InitNoTL
 .text.rwble_init
                0x00102084       0x28 C:/Users/h274519/ON_Semiconductor/ONSemiconductor/RSL10/3.0.534/lib/ble_core/Release/libblelib.a(rwble.o)
                0x00102084                rwble_init
 .text.rwble_reset
                0x001020ac       0x5c C:/Users/h274519/ON_Semiconductor/ONSemiconductor/RSL10/3.0.534/lib/ble_core/Release/libblelib.a(rwble.o)
                0x001020ac                rwble_reset
 .text.rwble_sleep_check
                0x00102108       0x10 C:/Users/h274519/ON_Semiconductor/ONSemiconductor/RSL10/3.0.534/lib/ble_core/Release/libblelib.a(rwble.o)
                0x00102108                rwble_sleep_check
 .text.rwble_isr
                0x00102118       0xb8 C:/Users/h274519/ON_Semiconductor/ONSemiconductor/RSL10/3.0.534/lib/ble_core/Release/libblelib.a(rwble.o)
                0x00102118                BLE_CSCNT_IRQHandler
                0x00102118                BLE_SW_IRQHandler
                0x00102118                BLE_AUDIO0_IRQHandler
                0x00102118                BLE_SLP_IRQHandler
                0x00102118                BLE_RX_IRQHandler
                0x00102118                rwble_isr
                0x00102118                BLE_AUDIO2_IRQHandler
                0x00102118                BLE_AUDIO1_IRQHandler
                0x00102118                BLE_ERROR_IRQHandler
                0x00102118                BLE_EVENT_IRQHandler
                0x00102118                BLE_CRYPT_IRQHandler
                0x00102118                BLE_FINETGTIM_IRQHandler
 .text.rf_atl_reg_rd
                0x001021d0       0x18 C:/Users/h274519/ON_Semiconductor/ONSemiconductor/RSL10/3.0.534/lib/ble_core/Release/libblelib.a(rf_atlas.o)
 .text.rf_atl_reg_wr
                0x001021e8        0xc C:/Users/h274519/ON_Semiconductor/ONSemiconductor/RSL10/3.0.534/lib/ble_core/Release/libblelib.a(rf_atlas.o)
 .text.rf_reset
                0x001021f4        0x2 C:/Users/h274519/ON_Semiconductor/ONSemiconductor/RSL10/3.0.534/lib/ble_core/Release/libblelib.a(rf_atlas.o)
 .text.rf_force_agc_enable
                0x001021f6        0x2 C:/Users/h274519/ON_Semiconductor/ONSemiconductor/RSL10/3.0.534/lib/ble_core/Release/libblelib.a(rf_atlas.o)
 .text.rf_txpwr_dbm_get
                0x001021f8        0x4 C:/Users/h274519/ON_Semiconductor/ONSemiconductor/RSL10/3.0.534/lib/ble_core/Release/libblelib.a(rf_atlas.o)
 .text.rf_sleep
                0x001021fc       0x10 C:/Users/h274519/ON_Semiconductor/ONSemiconductor/RSL10/3.0.534/lib/ble_core/Release/libblelib.a(rf_atlas.o)
 *fill*         0x0010220c        0x4 
 .text.rf_rssi_convert
                0x00102210       0x34 C:/Users/h274519/ON_Semiconductor/ONSemiconductor/RSL10/3.0.534/lib/ble_core/Release/libblelib.a(rf_atlas.o)
 .text.rf_init  0x00102244      0x488 C:/Users/h274519/ON_Semiconductor/ONSemiconductor/RSL10/3.0.534/lib/ble_core/Release/libblelib.a(rf_atlas.o)
                0x00102244                rf_init
 .text.prf_itf_get
                0x001026cc       0xd4 C:/Users/h274519/ON_Semiconductor/ONSemiconductor/RSL10/3.0.534/lib/ble_core/Release/libblelib.a(prf-prf_utils.o)
 .text.prf_init
                0x001027a0       0x64 C:/Users/h274519/ON_Semiconductor/ONSemiconductor/RSL10/3.0.534/lib/ble_core/Release/libblelib.a(prf-prf_utils.o)
                0x001027a0                prf_init
 .text.prf_add_profile
                0x00102804       0x6c C:/Users/h274519/ON_Semiconductor/ONSemiconductor/RSL10/3.0.534/lib/ble_core/Release/libblelib.a(prf-prf_utils.o)
                0x00102804                prf_add_profile
 .text.prf_create
                0x00102870       0x28 C:/Users/h274519/ON_Semiconductor/ONSemiconductor/RSL10/3.0.534/lib/ble_core/Release/libblelib.a(prf-prf_utils.o)
                0x00102870                prf_create
 .text.prf_cleanup
                0x00102898       0x34 C:/Users/h274519/ON_Semiconductor/ONSemiconductor/RSL10/3.0.534/lib/ble_core/Release/libblelib.a(prf-prf_utils.o)
                0x00102898                prf_cleanup
 .text.prf_env_get
                0x001028cc       0x24 C:/Users/h274519/ON_Semiconductor/ONSemiconductor/RSL10/3.0.534/lib/ble_core/Release/libblelib.a(prf-prf_utils.o)
                0x001028cc                prf_env_get
 .text.prf_src_task_get
                0x001028f0       0x10 C:/Users/h274519/ON_Semiconductor/ONSemiconductor/RSL10/3.0.534/lib/ble_core/Release/libblelib.a(prf-prf_utils.o)
                0x001028f0                prf_src_task_get
 .text.prf_dst_task_get
                0x00102900       0x10 C:/Users/h274519/ON_Semiconductor/ONSemiconductor/RSL10/3.0.534/lib/ble_core/Release/libblelib.a(prf-prf_utils.o)
                0x00102900                prf_dst_task_get
 .text.prf_pack_char_pres_fmt
                0x00102910       0x1e C:/Users/h274519/ON_Semiconductor/ONSemiconductor/RSL10/3.0.534/lib/ble_core/Release/libblelib.a(prf-prf_utils.o)
                0x00102910                prf_pack_char_pres_fmt
 *fill*         0x0010292e        0x2 
 .text.lld_evt_winsize_change
                0x00102930       0xac C:/Users/h274519/ON_Semiconductor/ONSemiconductor/RSL10/3.0.534/lib/ble_core/Release/libblelib.a(lld_evt.o)
 .text.lld_evt_slave_time_compute
                0x001029dc       0xa4 C:/Users/h274519/ON_Semiconductor/ONSemiconductor/RSL10/3.0.534/lib/ble_core/Release/libblelib.a(lld_evt.o)
 .text.lld_evt_prevent_stop
                0x00102a80        0x2 C:/Users/h274519/ON_Semiconductor/ONSemiconductor/RSL10/3.0.534/lib/ble_core/Release/libblelib.a(lld_evt.o)
                0x00102a80                lld_evt_prevent_stop
 *fill*         0x00102a82        0x2 
 .text.lld_evt_deferred_elt_push
                0x00102a84       0x28 C:/Users/h274519/ON_Semiconductor/ONSemiconductor/RSL10/3.0.534/lib/ble_core/Release/libblelib.a(lld_evt.o)
 .text.lld_evt_elt_wait_insert
                0x00102aac       0x20 C:/Users/h274519/ON_Semiconductor/ONSemiconductor/RSL10/3.0.534/lib/ble_core/Release/libblelib.a(lld_evt.o)
 .text.lld_evt_deferred_elt_pop
                0x00102acc       0x2c C:/Users/h274519/ON_Semiconductor/ONSemiconductor/RSL10/3.0.534/lib/ble_core/Release/libblelib.a(lld_evt.o)
 .text.lld_evt_get_next_free_slot
                0x00102af8       0x38 C:/Users/h274519/ON_Semiconductor/ONSemiconductor/RSL10/3.0.534/lib/ble_core/Release/libblelib.a(lld_evt.o)
 .text.lld_evt_elt_wait_get
                0x00102b30       0x34 C:/Users/h274519/ON_Semiconductor/ONSemiconductor/RSL10/3.0.534/lib/ble_core/Release/libblelib.a(lld_evt.o)
 .text.lld_evt_schedule
                0x00102b64      0x150 C:/Users/h274519/ON_Semiconductor/ONSemiconductor/RSL10/3.0.534/lib/ble_core/Release/libblelib.a(lld_evt.o)
                0x00102b64                lld_evt_schedule
 .text.lld_evt_delete_elt_push
                0x00102cb4       0x44 C:/Users/h274519/ON_Semiconductor/ONSemiconductor/RSL10/3.0.534/lib/ble_core/Release/libblelib.a(lld_evt.o)
                0x00102cb4                lld_evt_delete_elt_push
 .text.lld_evt_deffered_elt_handler
                0x00102cf8       0xf4 C:/Users/h274519/ON_Semiconductor/ONSemiconductor/RSL10/3.0.534/lib/ble_core/Release/libblelib.a(lld_evt.o)
                0x00102cf8                lld_evt_deffered_elt_handler
 .text.lld_evt_channel_next
                0x00102dec       0x40 C:/Users/h274519/ON_Semiconductor/ONSemiconductor/RSL10/3.0.534/lib/ble_core/Release/libblelib.a(lld_evt.o)
                0x00102dec                lld_evt_channel_next
 .text.lld_evt_init
                0x00102e2c      0x128 C:/Users/h274519/ON_Semiconductor/ONSemiconductor/RSL10/3.0.534/lib/ble_core/Release/libblelib.a(lld_evt.o)
                0x00102e2c                lld_evt_init
 .text.lld_evt_init_evt
                0x00102f54       0x4c C:/Users/h274519/ON_Semiconductor/ONSemiconductor/RSL10/3.0.534/lib/ble_core/Release/libblelib.a(lld_evt.o)
                0x00102f54                lld_evt_init_evt
 .text.lld_evt_elt_delete
                0x00102fa0       0xd8 C:/Users/h274519/ON_Semiconductor/ONSemiconductor/RSL10/3.0.534/lib/ble_core/Release/libblelib.a(lld_evt.o)
                0x00102fa0                lld_evt_elt_delete
 .text.lld_evt_delete_elt_handler
                0x00103078       0x64 C:/Users/h274519/ON_Semiconductor/ONSemiconductor/RSL10/3.0.534/lib/ble_core/Release/libblelib.a(lld_evt.o)
 .text.lld_evt_drift_compute
                0x001030dc       0x38 C:/Users/h274519/ON_Semiconductor/ONSemiconductor/RSL10/3.0.534/lib/ble_core/Release/libblelib.a(lld_evt.o)
                0x001030dc                lld_evt_drift_compute
 .text.lld_evt_rxwin_compute
                0x00103114       0x4c C:/Users/h274519/ON_Semiconductor/ONSemiconductor/RSL10/3.0.534/lib/ble_core/Release/libblelib.a(lld_evt.o)
 .text.lld_evt_restart
                0x00103160      0x84c C:/Users/h274519/ON_Semiconductor/ONSemiconductor/RSL10/3.0.534/lib/ble_core/Release/libblelib.a(lld_evt.o)
                0x00103160                lld_evt_restart
 .text.lld_evt_elt_insert
                0x001039ac       0x48 C:/Users/h274519/ON_Semiconductor/ONSemiconductor/RSL10/3.0.534/lib/ble_core/Release/libblelib.a(lld_evt.o)
                0x001039ac                lld_evt_elt_insert
 .text.lld_evt_canceled
                0x001039f4       0x3e C:/Users/h274519/ON_Semiconductor/ONSemiconductor/RSL10/3.0.534/lib/ble_core/Release/libblelib.a(lld_evt.o)
                0x001039f4                lld_evt_canceled
 *fill*         0x00103a32        0x2 
 .text.lld_evt_schedule_next
                0x00103a34      0x1a0 C:/Users/h274519/ON_Semiconductor/ONSemiconductor/RSL10/3.0.534/lib/ble_core/Release/libblelib.a(lld_evt.o)
                0x00103a34                lld_evt_schedule_next
 .text.lld_evt_scan_create
                0x00103bd4       0x88 C:/Users/h274519/ON_Semiconductor/ONSemiconductor/RSL10/3.0.534/lib/ble_core/Release/libblelib.a(lld_evt.o)
                0x00103bd4                lld_evt_scan_create
 .text.lld_evt_move_to_master
                0x00103c5c      0x170 C:/Users/h274519/ON_Semiconductor/ONSemiconductor/RSL10/3.0.534/lib/ble_core/Release/libblelib.a(lld_evt.o)
                0x00103c5c                lld_evt_move_to_master
 .text.lld_evt_update_create
                0x00103dcc      0x12c C:/Users/h274519/ON_Semiconductor/ONSemiconductor/RSL10/3.0.534/lib/ble_core/Release/libblelib.a(lld_evt.o)
                0x00103dcc                lld_evt_update_create
 .text.lld_evt_move_to_slave
                0x00103ef8      0x344 C:/Users/h274519/ON_Semiconductor/ONSemiconductor/RSL10/3.0.534/lib/ble_core/Release/libblelib.a(lld_evt.o)
                0x00103ef8                lld_evt_move_to_slave
 .text.lld_evt_slave_update
                0x0010423c      0x158 C:/Users/h274519/ON_Semiconductor/ONSemiconductor/RSL10/3.0.534/lib/ble_core/Release/libblelib.a(lld_evt.o)
                0x0010423c                lld_evt_slave_update
 .text.lld_evt_adv_create
                0x00104394       0x88 C:/Users/h274519/ON_Semiconductor/ONSemiconductor/RSL10/3.0.534/lib/ble_core/Release/libblelib.a(lld_evt.o)
                0x00104394                lld_evt_adv_create
 .text.lld_evt_end
                0x0010441c      0x180 C:/Users/h274519/ON_Semiconductor/ONSemiconductor/RSL10/3.0.534/lib/ble_core/Release/libblelib.a(lld_evt.o)
                0x0010441c                lld_evt_end
 .text.lld_evt_rx
                0x0010459c       0x40 C:/Users/h274519/ON_Semiconductor/ONSemiconductor/RSL10/3.0.534/lib/ble_core/Release/libblelib.a(lld_evt.o)
                0x0010459c                lld_evt_rx
 .text.lld_evt_end_isr
                0x001045dc       0x4c C:/Users/h274519/ON_Semiconductor/ONSemiconductor/RSL10/3.0.534/lib/ble_core/Release/libblelib.a(lld_evt.o)
                0x001045dc                lld_evt_end_isr
 .text.lld_evt_rx_isr
                0x00104628       0x10 C:/Users/h274519/ON_Semiconductor/ONSemiconductor/RSL10/3.0.534/lib/ble_core/Release/libblelib.a(lld_evt.o)
                0x00104628                lld_evt_rx_isr
 .text.lld_evt_set_power_save
                0x00104638       0x10 C:/Users/h274519/ON_Semiconductor/ONSemiconductor/RSL10/3.0.534/lib/ble_core/Release/libblelib.a(lld_evt.o)
                0x00104638                lld_evt_set_power_save
 .text.lld_sleep_init
                0x00104648       0x44 C:/Users/h274519/ON_Semiconductor/ONSemiconductor/RSL10/3.0.534/lib/ble_core/Release/libblelib.a(lld_sleep.o)
                0x00104648                lld_sleep_init
 .text.lld_sleep_wakeup
                0x0010468c       0x80 C:/Users/h274519/ON_Semiconductor/ONSemiconductor/RSL10/3.0.534/lib/ble_core/Release/libblelib.a(lld_sleep.o)
                0x0010468c                lld_sleep_wakeup
 .text.lld_sleep_wakeup_end
                0x0010470c       0x1c C:/Users/h274519/ON_Semiconductor/ONSemiconductor/RSL10/3.0.534/lib/ble_core/Release/libblelib.a(lld_sleep.o)
                0x0010470c                lld_sleep_wakeup_end
 .text.hci_evt_mask_set.part.0
                0x00104728       0x30 C:/Users/h274519/ON_Semiconductor/ONSemiconductor/RSL10/3.0.534/lib/ble_core/Release/libblelib.a(hci.o)
 .text.hci_reset
                0x00104758       0x24 C:/Users/h274519/ON_Semiconductor/ONSemiconductor/RSL10/3.0.534/lib/ble_core/Release/libblelib.a(hci.o)
                0x00104758                hci_reset
 .text.hci_init
                0x0010477c        0x4 C:/Users/h274519/ON_Semiconductor/ONSemiconductor/RSL10/3.0.534/lib/ble_core/Release/libblelib.a(hci.o)
                0x0010477c                hci_init
 .text.hci_send_2_host
                0x00104780       0xec C:/Users/h274519/ON_Semiconductor/ONSemiconductor/RSL10/3.0.534/lib/ble_core/Release/libblelib.a(hci.o)
                0x00104780                hci_send_2_host
 .text.hci_send_2_controller
                0x0010486c       0x90 C:/Users/h274519/ON_Semiconductor/ONSemiconductor/RSL10/3.0.534/lib/ble_core/Release/libblelib.a(hci.o)
                0x0010486c                hci_send_2_controller
 .text.hci_evt_mask_set
                0x001048fc       0x24 C:/Users/h274519/ON_Semiconductor/ONSemiconductor/RSL10/3.0.534/lib/ble_core/Release/libblelib.a(hci.o)
                0x001048fc                hci_evt_mask_set
 .text.hci_fc_init
                0x00104920       0x10 C:/Users/h274519/ON_Semiconductor/ONSemiconductor/RSL10/3.0.534/lib/ble_core/Release/libblelib.a(hci_fc.o)
                0x00104920                hci_fc_init
 .text.hci_fc_acl_buf_size_set
                0x00104930       0x20 C:/Users/h274519/ON_Semiconductor/ONSemiconductor/RSL10/3.0.534/lib/ble_core/Release/libblelib.a(hci_fc.o)
                0x00104930                hci_fc_acl_buf_size_set
 .text.hci_fc_acl_en
                0x00104950       0x30 C:/Users/h274519/ON_Semiconductor/ONSemiconductor/RSL10/3.0.534/lib/ble_core/Release/libblelib.a(hci_fc.o)
                0x00104950                hci_fc_acl_en
 .text.hci_fc_host_nb_acl_pkts_complete
                0x00104980       0x14 C:/Users/h274519/ON_Semiconductor/ONSemiconductor/RSL10/3.0.534/lib/ble_core/Release/libblelib.a(hci_fc.o)
                0x00104980                hci_fc_host_nb_acl_pkts_complete
 .text.hci_look_for_cmd_desc
                0x00104994       0x44 C:/Users/h274519/ON_Semiconductor/ONSemiconductor/RSL10/3.0.534/lib/ble_core/Release/libblelib.a(hci_msg.o)
                0x00104994                hci_look_for_cmd_desc
 .text.hci_look_for_evt_desc
                0x001049d8       0x24 C:/Users/h274519/ON_Semiconductor/ONSemiconductor/RSL10/3.0.534/lib/ble_core/Release/libblelib.a(hci_msg.o)
                0x001049d8                hci_look_for_evt_desc
 .text.hci_look_for_le_evt_desc
                0x001049fc       0x24 C:/Users/h274519/ON_Semiconductor/ONSemiconductor/RSL10/3.0.534/lib/ble_core/Release/libblelib.a(hci_msg.o)
                0x001049fc                hci_look_for_le_evt_desc
 .text.llm_wlpub_addr_set
                0x00104a20       0x24 C:/Users/h274519/ON_Semiconductor/ONSemiconductor/RSL10/3.0.534/lib/ble_core/Release/libblelib.a(llm.o)
 .text.llm_wlpriv_addr_set
                0x00104a44       0x24 C:/Users/h274519/ON_Semiconductor/ONSemiconductor/RSL10/3.0.534/lib/ble_core/Release/libblelib.a(llm.o)
 .text.llm_con_req_ind
                0x00104a68      0x198 C:/Users/h274519/ON_Semiconductor/ONSemiconductor/RSL10/3.0.534/lib/ble_core/Release/libblelib.a(llm.o)
                0x00104a68                llm_con_req_ind
 .text.llm_le_adv_report_ind
                0x00104c00      0x340 C:/Users/h274519/ON_Semiconductor/ONSemiconductor/RSL10/3.0.534/lib/ble_core/Release/libblelib.a(llm.o)
                0x00104c00                llm_le_adv_report_ind
 .text.llm_con_req_tx_cfm
                0x00104f40      0x130 C:/Users/h274519/ON_Semiconductor/ONSemiconductor/RSL10/3.0.534/lib/ble_core/Release/libblelib.a(llm.o)
                0x00104f40                llm_con_req_tx_cfm
 .text.llm_common_cmd_complete_send
                0x00105070       0x1c C:/Users/h274519/ON_Semiconductor/ONSemiconductor/RSL10/3.0.534/lib/ble_core/Release/libblelib.a(llm.o)
                0x00105070                llm_common_cmd_complete_send
 .text.llm_ble_ready
                0x0010508c        0x8 C:/Users/h274519/ON_Semiconductor/ONSemiconductor/RSL10/3.0.534/lib/ble_core/Release/libblelib.a(llm.o)
                0x0010508c                llm_ble_ready
 .text.llm_common_cmd_status_send
                0x00105094       0x1c C:/Users/h274519/ON_Semiconductor/ONSemiconductor/RSL10/3.0.534/lib/ble_core/Release/libblelib.a(llm.o)
                0x00105094                llm_common_cmd_status_send
 .text.llm_test_mode_start_tx
                0x001050b0      0x258 C:/Users/h274519/ON_Semiconductor/ONSemiconductor/RSL10/3.0.534/lib/ble_core/Release/libblelib.a(llm.o)
                0x001050b0                llm_test_mode_start_tx
 .text.llm_test_mode_start_rx
                0x00105308       0xc4 C:/Users/h274519/ON_Semiconductor/ONSemiconductor/RSL10/3.0.534/lib/ble_core/Release/libblelib.a(llm.o)
                0x00105308                llm_test_mode_start_rx
 .text.llm_set_adv_param
                0x001053cc      0x164 C:/Users/h274519/ON_Semiconductor/ONSemiconductor/RSL10/3.0.534/lib/ble_core/Release/libblelib.a(llm.o)
                0x001053cc                llm_set_adv_param
 .text.llm_set_adv_data
                0x00105530       0x90 C:/Users/h274519/ON_Semiconductor/ONSemiconductor/RSL10/3.0.534/lib/ble_core/Release/libblelib.a(llm.o)
                0x00105530                llm_set_adv_data
 .text.llm_set_scan_rsp_data
                0x001055c0       0x90 C:/Users/h274519/ON_Semiconductor/ONSemiconductor/RSL10/3.0.534/lib/ble_core/Release/libblelib.a(llm.o)
                0x001055c0                llm_set_scan_rsp_data
 .text.llm_set_scan_param
                0x00105650       0x88 C:/Users/h274519/ON_Semiconductor/ONSemiconductor/RSL10/3.0.534/lib/ble_core/Release/libblelib.a(llm.o)
                0x00105650                llm_set_scan_param
 .text.llm_wl_clr
                0x001056d8       0x5c C:/Users/h274519/ON_Semiconductor/ONSemiconductor/RSL10/3.0.534/lib/ble_core/Release/libblelib.a(llm.o)
                0x001056d8                llm_wl_clr
 .text.llm_wl_dev_add
                0x00105734       0x38 C:/Users/h274519/ON_Semiconductor/ONSemiconductor/RSL10/3.0.534/lib/ble_core/Release/libblelib.a(llm.o)
                0x00105734                llm_wl_dev_add
 .text.llm_wl_dev_rem
                0x0010576c       0x34 C:/Users/h274519/ON_Semiconductor/ONSemiconductor/RSL10/3.0.534/lib/ble_core/Release/libblelib.a(llm.o)
                0x0010576c                llm_wl_dev_rem
 .text.llm_wl_dev_add_hdl
                0x001057a0       0x7c C:/Users/h274519/ON_Semiconductor/ONSemiconductor/RSL10/3.0.534/lib/ble_core/Release/libblelib.a(llm.o)
                0x001057a0                llm_wl_dev_add_hdl
 .text.llm_wl_dev_rem_hdl
                0x0010581c       0x78 C:/Users/h274519/ON_Semiconductor/ONSemiconductor/RSL10/3.0.534/lib/ble_core/Release/libblelib.a(llm.o)
                0x0010581c                llm_wl_dev_rem_hdl
 .text.llm_encryption_start
                0x00105894       0xb8 C:/Users/h274519/ON_Semiconductor/ONSemiconductor/RSL10/3.0.534/lib/ble_core/Release/libblelib.a(llm.o)
                0x00105894                llm_encryption_start
 .text.llm_encryption_done
                0x0010594c       0xd0 C:/Users/h274519/ON_Semiconductor/ONSemiconductor/RSL10/3.0.534/lib/ble_core/Release/libblelib.a(llm.o)
                0x0010594c                llm_encryption_done
 .text.llm_ral_clear
                0x00105a1c       0x1c C:/Users/h274519/ON_Semiconductor/ONSemiconductor/RSL10/3.0.534/lib/ble_core/Release/libblelib.a(llm.o)
                0x00105a1c                llm_ral_clear
 .text.llm_init
                0x00105a38      0x1ec C:/Users/h274519/ON_Semiconductor/ONSemiconductor/RSL10/3.0.534/lib/ble_core/Release/libblelib.a(llm.o)
                0x00105a38                llm_init
 .text.llm_ral_dev_add
                0x00105c24      0x14c C:/Users/h274519/ON_Semiconductor/ONSemiconductor/RSL10/3.0.534/lib/ble_core/Release/libblelib.a(llm.o)
                0x00105c24                llm_ral_dev_add
 .text.llm_ral_dev_rm
                0x00105d70       0x3c C:/Users/h274519/ON_Semiconductor/ONSemiconductor/RSL10/3.0.534/lib/ble_core/Release/libblelib.a(llm.o)
                0x00105d70                llm_ral_dev_rm
 .text.llm_ral_get_rpa
                0x00105dac       0x70 C:/Users/h274519/ON_Semiconductor/ONSemiconductor/RSL10/3.0.534/lib/ble_core/Release/libblelib.a(llm.o)
                0x00105dac                llm_ral_get_rpa
 .text.llm_ral_set_timeout
                0x00105e1c       0x4c C:/Users/h274519/ON_Semiconductor/ONSemiconductor/RSL10/3.0.534/lib/ble_core/Release/libblelib.a(llm.o)
                0x00105e1c                llm_ral_set_timeout
 .text.llm_ral_update
                0x00105e68       0x34 C:/Users/h274519/ON_Semiconductor/ONSemiconductor/RSL10/3.0.534/lib/ble_core/Release/libblelib.a(llm.o)
                0x00105e68                llm_ral_update
 .text.llm_set_adv_en
                0x00105e9c      0x130 C:/Users/h274519/ON_Semiconductor/ONSemiconductor/RSL10/3.0.534/lib/ble_core/Release/libblelib.a(llm.o)
                0x00105e9c                llm_set_adv_en
 .text.llm_set_scan_en
                0x00105fcc       0xa0 C:/Users/h274519/ON_Semiconductor/ONSemiconductor/RSL10/3.0.534/lib/ble_core/Release/libblelib.a(llm.o)
                0x00105fcc                llm_set_scan_en
 .text.llm_create_con
                0x0010606c      0x138 C:/Users/h274519/ON_Semiconductor/ONSemiconductor/RSL10/3.0.534/lib/ble_core/Release/libblelib.a(llm.o)
                0x0010606c                llm_create_con
 .text.llm_dft_handler
                0x001061a4        0x4 C:/Users/h274519/ON_Semiconductor/ONSemiconductor/RSL10/3.0.534/lib/ble_core/Release/libblelib.a(llm_task.o)
 .text.llm_le_set_host_ch_class_cmd_sto_handler
                0x001061a8       0x10 C:/Users/h274519/ON_Semiconductor/ONSemiconductor/RSL10/3.0.534/lib/ble_core/Release/libblelib.a(llm_task.o)
 .text.llm_ecc_result_ind_handler
                0x001061b8       0xa0 C:/Users/h274519/ON_Semiconductor/ONSemiconductor/RSL10/3.0.534/lib/ble_core/Release/libblelib.a(llm_task.o)
 .text.llm_le_enh_priv_addr_renew_timer_handler
                0x00106258       0x4c C:/Users/h274519/ON_Semiconductor/ONSemiconductor/RSL10/3.0.534/lib/ble_core/Release/libblelib.a(llm_task.o)
 .text.llm_enc_req_handler
                0x001062a4       0x30 C:/Users/h274519/ON_Semiconductor/ONSemiconductor/RSL10/3.0.534/lib/ble_core/Release/libblelib.a(llm_task.o)
 .text.lld_stop_ind_handler
                0x001062d4       0x58 C:/Users/h274519/ON_Semiconductor/ONSemiconductor/RSL10/3.0.534/lib/ble_core/Release/libblelib.a(llm_task.o)
 .text.llm_util_bd_addr_wl_position
                0x0010632c       0x70 C:/Users/h274519/ON_Semiconductor/ONSemiconductor/RSL10/3.0.534/lib/ble_core/Release/libblelib.a(llm_util.o)
                0x0010632c                llm_util_bd_addr_wl_position
 .text.llm_util_check_address_validity
                0x0010639c       0x18 C:/Users/h274519/ON_Semiconductor/ONSemiconductor/RSL10/3.0.534/lib/ble_core/Release/libblelib.a(llm_util.o)
                0x0010639c                llm_util_check_address_validity
 .text.llm_util_check_map_validity
                0x001063b4       0x4a C:/Users/h274519/ON_Semiconductor/ONSemiconductor/RSL10/3.0.534/lib/ble_core/Release/libblelib.a(llm_util.o)
                0x001063b4                llm_util_check_map_validity
 *fill*         0x001063fe        0x2 
 .text.llm_util_apply_bd_addr
                0x00106400       0x20 C:/Users/h274519/ON_Semiconductor/ONSemiconductor/RSL10/3.0.534/lib/ble_core/Release/libblelib.a(llm_util.o)
                0x00106400                llm_util_apply_bd_addr
 .text.llm_util_check_evt_mask
                0x00106420       0x1c C:/Users/h274519/ON_Semiconductor/ONSemiconductor/RSL10/3.0.534/lib/ble_core/Release/libblelib.a(llm_util.o)
                0x00106420                llm_util_check_evt_mask
 .text.llm_util_get_channel_map
                0x0010643c       0x10 C:/Users/h274519/ON_Semiconductor/ONSemiconductor/RSL10/3.0.534/lib/ble_core/Release/libblelib.a(llm_util.o)
                0x0010643c                llm_util_get_channel_map
 .text.llm_util_get_supp_features
                0x0010644c       0x10 C:/Users/h274519/ON_Semiconductor/ONSemiconductor/RSL10/3.0.534/lib/ble_core/Release/libblelib.a(llm_util.o)
                0x0010644c                llm_util_get_supp_features
 .text.llm_util_adv_data_update
                0x0010645c       0x40 C:/Users/h274519/ON_Semiconductor/ONSemiconductor/RSL10/3.0.534/lib/ble_core/Release/libblelib.a(llm_util.o)
                0x0010645c                llm_util_adv_data_update
 .text.llm_util_bl_check
                0x0010649c       0x68 C:/Users/h274519/ON_Semiconductor/ONSemiconductor/RSL10/3.0.534/lib/ble_core/Release/libblelib.a(llm_util.o)
                0x0010649c                llm_util_bl_check
 .text.llm_util_bd_addr_in_wl
                0x00106504       0x4e C:/Users/h274519/ON_Semiconductor/ONSemiconductor/RSL10/3.0.534/lib/ble_core/Release/libblelib.a(llm_util.o)
                0x00106504                llm_util_bd_addr_in_wl
 *fill*         0x00106552        0x2 
 .text.llm_util_get_default_phy
                0x00106554       0x2c C:/Users/h274519/ON_Semiconductor/ONSemiconductor/RSL10/3.0.534/lib/ble_core/Release/libblelib.a(llm_util.o)
                0x00106554                llm_util_get_default_phy
 .text.llm_util_bd_addr_in_ral
                0x00106580       0x68 C:/Users/h274519/ON_Semiconductor/ONSemiconductor/RSL10/3.0.534/lib/ble_core/Release/libblelib.a(llm_util.o)
                0x00106580                llm_util_bd_addr_in_ral
 .text.llm_util_bl_add
                0x001065e8       0x8c C:/Users/h274519/ON_Semiconductor/ONSemiconductor/RSL10/3.0.534/lib/ble_core/Release/libblelib.a(llm_util.o)
                0x001065e8                llm_util_bl_add
 .text.llm_util_bl_rem
                0x00106674       0x6c C:/Users/h274519/ON_Semiconductor/ONSemiconductor/RSL10/3.0.534/lib/ble_core/Release/libblelib.a(llm_util.o)
                0x00106674                llm_util_bl_rem
 .text.llm_end_evt_defer
                0x001066e0       0xb8 C:/Users/h274519/ON_Semiconductor/ONSemiconductor/RSL10/3.0.534/lib/ble_core/Release/libblelib.a(llm_util.o)
                0x001066e0                llm_end_evt_defer
 .text.llm_pdu_defer
                0x00106798       0x7c C:/Users/h274519/ON_Semiconductor/ONSemiconductor/RSL10/3.0.534/lib/ble_core/Release/libblelib.a(llm_util.o)
                0x00106798                llm_pdu_defer
 .text.lld_init
                0x00106814      0x228 C:/Users/h274519/ON_Semiconductor/ONSemiconductor/RSL10/3.0.534/lib/ble_core/Release/libblelib.a(lld.o)
                0x00106814                lld_init
 .text.lld_core_reset
                0x00106a3c       0x5c C:/Users/h274519/ON_Semiconductor/ONSemiconductor/RSL10/3.0.534/lib/ble_core/Release/libblelib.a(lld.o)
                0x00106a3c                lld_core_reset
 .text.lld_adv_start
                0x00106a98      0x21c C:/Users/h274519/ON_Semiconductor/ONSemiconductor/RSL10/3.0.534/lib/ble_core/Release/libblelib.a(lld.o)
                0x00106a98                lld_adv_start
 .text.lld_adv_stop
                0x00106cb4       0x2c C:/Users/h274519/ON_Semiconductor/ONSemiconductor/RSL10/3.0.534/lib/ble_core/Release/libblelib.a(lld.o)
                0x00106cb4                lld_adv_stop
 .text.lld_scan_start
                0x00106ce0      0x1bc C:/Users/h274519/ON_Semiconductor/ONSemiconductor/RSL10/3.0.534/lib/ble_core/Release/libblelib.a(lld.o)
                0x00106ce0                lld_scan_start
 .text.lld_scan_stop
                0x00106e9c       0x2c C:/Users/h274519/ON_Semiconductor/ONSemiconductor/RSL10/3.0.534/lib/ble_core/Release/libblelib.a(lld.o)
                0x00106e9c                lld_scan_stop
 .text.lld_con_start
                0x00106ec8      0x5ec C:/Users/h274519/ON_Semiconductor/ONSemiconductor/RSL10/3.0.534/lib/ble_core/Release/libblelib.a(lld.o)
                0x00106ec8                lld_con_start
 .text.lld_move_to_master
                0x001074b4       0xc8 C:/Users/h274519/ON_Semiconductor/ONSemiconductor/RSL10/3.0.534/lib/ble_core/Release/libblelib.a(lld.o)
                0x001074b4                lld_move_to_master
 .text.lld_con_update_req
                0x0010757c       0x5a C:/Users/h274519/ON_Semiconductor/ONSemiconductor/RSL10/3.0.534/lib/ble_core/Release/libblelib.a(lld.o)
                0x0010757c                lld_con_update_req
 *fill*         0x001075d6        0x2 
 .text.lld_con_update_after_param_req
                0x001075d8      0x250 C:/Users/h274519/ON_Semiconductor/ONSemiconductor/RSL10/3.0.534/lib/ble_core/Release/libblelib.a(lld.o)
                0x001075d8                lld_con_update_after_param_req
 .text.lld_con_param_rsp
                0x00107828      0x102 C:/Users/h274519/ON_Semiconductor/ONSemiconductor/RSL10/3.0.534/lib/ble_core/Release/libblelib.a(lld.o)
                0x00107828                lld_con_param_rsp
 .text.lld_con_param_req
                0x0010792a       0xca C:/Users/h274519/ON_Semiconductor/ONSemiconductor/RSL10/3.0.534/lib/ble_core/Release/libblelib.a(lld.o)
                0x0010792a                lld_con_param_req
 .text.lld_con_stop
                0x001079f4        0x8 C:/Users/h274519/ON_Semiconductor/ONSemiconductor/RSL10/3.0.534/lib/ble_core/Release/libblelib.a(lld.o)
                0x001079f4                lld_con_stop
 .text.lld_get_mode
                0x001079fc       0x28 C:/Users/h274519/ON_Semiconductor/ONSemiconductor/RSL10/3.0.534/lib/ble_core/Release/libblelib.a(lld.o)
                0x001079fc                lld_get_mode
 .text.lld_move_to_slave
                0x00107a24      0x1b0 C:/Users/h274519/ON_Semiconductor/ONSemiconductor/RSL10/3.0.534/lib/ble_core/Release/libblelib.a(lld.o)
                0x00107a24                lld_move_to_slave
 .text.lld_ch_map_ind
                0x00107bd4       0x46 C:/Users/h274519/ON_Semiconductor/ONSemiconductor/RSL10/3.0.534/lib/ble_core/Release/libblelib.a(lld.o)
                0x00107bd4                lld_ch_map_ind
 .text.lld_con_update_ind
                0x00107c1a        0xa C:/Users/h274519/ON_Semiconductor/ONSemiconductor/RSL10/3.0.534/lib/ble_core/Release/libblelib.a(lld.o)
                0x00107c1a                lld_con_update_ind
 .text.lld_crypt_isr
                0x00107c24        0x6 C:/Users/h274519/ON_Semiconductor/ONSemiconductor/RSL10/3.0.534/lib/ble_core/Release/libblelib.a(lld.o)
                0x00107c24                lld_crypt_isr
 *fill*         0x00107c2a        0x2 
 .text.lld_test_mode_tx
                0x00107c2c       0xfc C:/Users/h274519/ON_Semiconductor/ONSemiconductor/RSL10/3.0.534/lib/ble_core/Release/libblelib.a(lld.o)
                0x00107c2c                lld_test_mode_tx
 .text.lld_test_mode_rx
                0x00107d28       0xf4 C:/Users/h274519/ON_Semiconductor/ONSemiconductor/RSL10/3.0.534/lib/ble_core/Release/libblelib.a(lld.o)
                0x00107d28                lld_test_mode_rx
 .text.lld_test_stop
                0x00107e1c       0x68 C:/Users/h274519/ON_Semiconductor/ONSemiconductor/RSL10/3.0.534/lib/ble_core/Release/libblelib.a(lld.o)
                0x00107e1c                lld_test_stop
 .text.lld_ral_renew_req
                0x00107e84       0x14 C:/Users/h274519/ON_Semiconductor/ONSemiconductor/RSL10/3.0.534/lib/ble_core/Release/libblelib.a(lld.o)
                0x00107e84                lld_ral_renew_req
 .text.lld_pdu_llcp_con_param_req_unpk
                0x00107e98       0xcc C:/Users/h274519/ON_Semiconductor/ONSemiconductor/RSL10/3.0.534/lib/ble_core/Release/libblelib.a(lld_pdu.o)
 .text.lld_pdu_llcp_con_param_rsp_unpk
                0x00107f64       0xcc C:/Users/h274519/ON_Semiconductor/ONSemiconductor/RSL10/3.0.534/lib/ble_core/Release/libblelib.a(lld_pdu.o)
 .text.lld_pdu_llcp_length_req_unpk
                0x00108030       0x3e C:/Users/h274519/ON_Semiconductor/ONSemiconductor/RSL10/3.0.534/lib/ble_core/Release/libblelib.a(lld_pdu.o)
 .text.lld_pdu_llcp_length_rsp_unpk
                0x0010806e       0x3e C:/Users/h274519/ON_Semiconductor/ONSemiconductor/RSL10/3.0.534/lib/ble_core/Release/libblelib.a(lld_pdu.o)
 .text.lld_pdu_llcp_phy_upd_req_unpk
                0x001080ac       0x2e C:/Users/h274519/ON_Semiconductor/ONSemiconductor/RSL10/3.0.534/lib/ble_core/Release/libblelib.a(lld_pdu.o)
 .text.lld_pdu_pack
                0x001080da       0xc0 C:/Users/h274519/ON_Semiconductor/ONSemiconductor/RSL10/3.0.534/lib/ble_core/Release/libblelib.a(lld_pdu.o)
 *fill*         0x0010819a        0x2 
 .text.lld_pdu_tx_flush_list
                0x0010819c       0x7c C:/Users/h274519/ON_Semiconductor/ONSemiconductor/RSL10/3.0.534/lib/ble_core/Release/libblelib.a(lld_pdu.o)
 .text.lld_pdu_cntl_aligned_unpk
                0x00108218       0x16 C:/Users/h274519/ON_Semiconductor/ONSemiconductor/RSL10/3.0.534/lib/ble_core/Release/libblelib.a(lld_pdu.o)
 *fill*         0x0010822e        0x2 
 .text.lld_pdu_check
                0x00108230      0x158 C:/Users/h274519/ON_Semiconductor/ONSemiconductor/RSL10/3.0.534/lib/ble_core/Release/libblelib.a(lld_pdu.o)
                0x00108230                lld_pdu_check
 .text.lld_pdu_tx_loop
                0x00108388       0x2c C:/Users/h274519/ON_Semiconductor/ONSemiconductor/RSL10/3.0.534/lib/ble_core/Release/libblelib.a(lld_pdu.o)
                0x00108388                lld_pdu_tx_loop
 .text.lld_pdu_data_tx_push
                0x001083b4       0x88 C:/Users/h274519/ON_Semiconductor/ONSemiconductor/RSL10/3.0.534/lib/ble_core/Release/libblelib.a(lld_pdu.o)
                0x001083b4                lld_pdu_data_tx_push
 .text.lld_pdu_data_send
                0x0010843c       0x50 C:/Users/h274519/ON_Semiconductor/ONSemiconductor/RSL10/3.0.534/lib/ble_core/Release/libblelib.a(lld_pdu.o)
                0x0010843c                lld_pdu_data_send
 .text.lld_pdu_tx_push
                0x0010848c       0x40 C:/Users/h274519/ON_Semiconductor/ONSemiconductor/RSL10/3.0.534/lib/ble_core/Release/libblelib.a(lld_pdu.o)
                0x0010848c                lld_pdu_tx_push
 .text.lld_pdu_tx_prog
                0x001084cc      0x444 C:/Users/h274519/ON_Semiconductor/ONSemiconductor/RSL10/3.0.534/lib/ble_core/Release/libblelib.a(lld_pdu.o)
                0x001084cc                lld_pdu_tx_prog
 .text.lld_pdu_tx_flush
                0x00108910       0x5a C:/Users/h274519/ON_Semiconductor/ONSemiconductor/RSL10/3.0.534/lib/ble_core/Release/libblelib.a(lld_pdu.o)
                0x00108910                lld_pdu_tx_flush
 *fill*         0x0010896a        0x2 
 .text.lld_pdu_adv_pack
                0x0010896c       0x24 C:/Users/h274519/ON_Semiconductor/ONSemiconductor/RSL10/3.0.534/lib/ble_core/Release/libblelib.a(lld_pdu.o)
                0x0010896c                lld_pdu_adv_pack
 .text.lld_pdu_rx_handler
                0x00108990      0x2c8 C:/Users/h274519/ON_Semiconductor/ONSemiconductor/RSL10/3.0.534/lib/ble_core/Release/libblelib.a(lld_pdu.o)
                0x00108990                lld_pdu_rx_handler
 .text.lld_util_instant_get
                0x00108c58       0x18 C:/Users/h274519/ON_Semiconductor/ONSemiconductor/RSL10/3.0.534/lib/ble_core/Release/libblelib.a(lld_util.o)
                0x00108c58                lld_util_instant_get
 .text.lld_util_set_bd_address
                0x00108c70       0x44 C:/Users/h274519/ON_Semiconductor/ONSemiconductor/RSL10/3.0.534/lib/ble_core/Release/libblelib.a(lld_util.o)
                0x00108c70                lld_util_set_bd_address
 .text.lld_util_ral_force_rpa_renew
                0x00108cb4       0x44 C:/Users/h274519/ON_Semiconductor/ONSemiconductor/RSL10/3.0.534/lib/ble_core/Release/libblelib.a(lld_util.o)
                0x00108cb4                lld_util_ral_force_rpa_renew
 .text.lld_util_freq2chnl
                0x00108cf8       0x20 C:/Users/h274519/ON_Semiconductor/ONSemiconductor/RSL10/3.0.534/lib/ble_core/Release/libblelib.a(lld_util.o)
                0x00108cf8                lld_util_freq2chnl
 .text.lld_util_get_local_offset
                0x00108d18       0x16 C:/Users/h274519/ON_Semiconductor/ONSemiconductor/RSL10/3.0.534/lib/ble_core/Release/libblelib.a(lld_util.o)
                0x00108d18                lld_util_get_local_offset
 .text.lld_util_get_peer_offset
                0x00108d2e       0x18 C:/Users/h274519/ON_Semiconductor/ONSemiconductor/RSL10/3.0.534/lib/ble_core/Release/libblelib.a(lld_util.o)
                0x00108d2e                lld_util_get_peer_offset
 .text.lld_util_connection_param_set
                0x00108d46       0x44 C:/Users/h274519/ON_Semiconductor/ONSemiconductor/RSL10/3.0.534/lib/ble_core/Release/libblelib.a(lld_util.o)
                0x00108d46                lld_util_connection_param_set
 *fill*         0x00108d8a        0x2 
 .text.lld_util_dle_set_cs_fields
                0x00108d8c       0x18 C:/Users/h274519/ON_Semiconductor/ONSemiconductor/RSL10/3.0.534/lib/ble_core/Release/libblelib.a(lld_util.o)
                0x00108d8c                lld_util_dle_set_cs_fields
 .text.lld_util_anchor_point_move
                0x00108da4       0xde C:/Users/h274519/ON_Semiconductor/ONSemiconductor/RSL10/3.0.534/lib/ble_core/Release/libblelib.a(lld_util.o)
                0x00108da4                lld_util_anchor_point_move
 .text.lld_util_flush_list
                0x00108e82       0x14 C:/Users/h274519/ON_Semiconductor/ONSemiconductor/RSL10/3.0.534/lib/ble_core/Release/libblelib.a(lld_util.o)
                0x00108e82                lld_util_flush_list
 .text.lld_util_instant_ongoing
                0x00108e96        0xc C:/Users/h274519/ON_Semiconductor/ONSemiconductor/RSL10/3.0.534/lib/ble_core/Release/libblelib.a(lld_util.o)
                0x00108e96                lld_util_instant_ongoing
 *fill*         0x00108ea2        0x2 
 .text.lld_util_compute_ce_max
                0x00108ea4       0xb0 C:/Users/h274519/ON_Semiconductor/ONSemiconductor/RSL10/3.0.534/lib/ble_core/Release/libblelib.a(lld_util.o)
                0x00108ea4                lld_util_compute_ce_max
 .text.lld_util_priority_set
                0x00108f54       0x48 C:/Users/h274519/ON_Semiconductor/ONSemiconductor/RSL10/3.0.534/lib/ble_core/Release/libblelib.a(lld_util.o)
                0x00108f54                lld_util_priority_set
 .text.lld_util_get_tx_pkt_cnt
                0x00108f9c        0x6 C:/Users/h274519/ON_Semiconductor/ONSemiconductor/RSL10/3.0.534/lib/ble_core/Release/libblelib.a(lld_util.o)
                0x00108f9c                lld_util_get_tx_pkt_cnt
 *fill*         0x00108fa2        0x2 
 .text.lld_util_get_phys
                0x00108fa4       0x34 C:/Users/h274519/ON_Semiconductor/ONSemiconductor/RSL10/3.0.534/lib/ble_core/Release/libblelib.a(lld_util.o)
                0x00108fa4                lld_util_get_phys
 .text.lld_util_phy_update_ind
                0x00108fd8       0x74 C:/Users/h274519/ON_Semiconductor/ONSemiconductor/RSL10/3.0.534/lib/ble_core/Release/libblelib.a(lld_util.o)
                0x00108fd8                lld_util_phy_update_ind
 .text.lld_util_phy_update_req
                0x0010904c       0x40 C:/Users/h274519/ON_Semiconductor/ONSemiconductor/RSL10/3.0.534/lib/ble_core/Release/libblelib.a(lld_util.o)
                0x0010904c                lld_util_phy_update_req
 .text.lld_util_pref_slave_latency_set
                0x0010908c       0x4c C:/Users/h274519/ON_Semiconductor/ONSemiconductor/RSL10/3.0.534/lib/ble_core/Release/libblelib.a(lld_util.o)
                0x0010908c                lld_util_pref_slave_latency_set
 .text.lld_util_eff_tx_time_set
                0x001090d8        0xa C:/Users/h274519/ON_Semiconductor/ONSemiconductor/RSL10/3.0.534/lib/ble_core/Release/libblelib.a(lld_util.o)
                0x001090d8                lld_util_eff_tx_time_set
 *fill*         0x001090e2        0x2 
 .text.lld_util_max_lat_compute
                0x001090e4       0x84 C:/Users/h274519/ON_Semiconductor/ONSemiconductor/RSL10/3.0.534/lib/ble_core/Release/libblelib.a(lld_util.o)
                0x001090e4                lld_util_max_lat_compute
 .text.lld_wlcoex_set
                0x00109168       0x18 C:/Users/h274519/ON_Semiconductor/ONSemiconductor/RSL10/3.0.534/lib/ble_core/Release/libblelib.a(lld_wlcoex.o)
                0x00109168                lld_wlcoex_set
 .text.llc_init
                0x00109180       0x38 C:/Users/h274519/ON_Semiconductor/ONSemiconductor/RSL10/3.0.534/lib/ble_core/Release/libblelib.a(llc.o)
                0x00109180                llc_init
 .text.llc_stop
                0x001091b8       0x54 C:/Users/h274519/ON_Semiconductor/ONSemiconductor/RSL10/3.0.534/lib/ble_core/Release/libblelib.a(llc.o)
                0x001091b8                llc_stop
 .text.llc_reset
                0x0010920c       0x26 C:/Users/h274519/ON_Semiconductor/ONSemiconductor/RSL10/3.0.534/lib/ble_core/Release/libblelib.a(llc.o)
                0x0010920c                llc_reset
 .text.llc_discon_event_complete_send
                0x00109232       0x24 C:/Users/h274519/ON_Semiconductor/ONSemiconductor/RSL10/3.0.534/lib/ble_core/Release/libblelib.a(llc.o)
                0x00109232                llc_discon_event_complete_send
 *fill*         0x00109256        0x2 
 .text.llc_le_con_cmp_evt_send
                0x00109258      0x248 C:/Users/h274519/ON_Semiconductor/ONSemiconductor/RSL10/3.0.534/lib/ble_core/Release/libblelib.a(llc.o)
                0x00109258                llc_le_con_cmp_evt_send
 .text.llc_start
                0x001094a0      0x160 C:/Users/h274519/ON_Semiconductor/ONSemiconductor/RSL10/3.0.534/lib/ble_core/Release/libblelib.a(llc.o)
                0x001094a0                llc_start
 .text.llc_con_update_complete_send
                0x00109600       0x60 C:/Users/h274519/ON_Semiconductor/ONSemiconductor/RSL10/3.0.534/lib/ble_core/Release/libblelib.a(llc.o)
                0x00109600                llc_con_update_complete_send
 .text.llc_ltk_req_send
                0x00109660       0x36 C:/Users/h274519/ON_Semiconductor/ONSemiconductor/RSL10/3.0.534/lib/ble_core/Release/libblelib.a(llc.o)
                0x00109660                llc_ltk_req_send
 .text.llc_feats_rd_event_send
                0x00109696       0x38 C:/Users/h274519/ON_Semiconductor/ONSemiconductor/RSL10/3.0.534/lib/ble_core/Release/libblelib.a(llc.o)
                0x00109696                llc_feats_rd_event_send
 *fill*         0x001096ce        0x2 
 .text.llc_version_rd_event_send
                0x001096d0       0x3c C:/Users/h274519/ON_Semiconductor/ONSemiconductor/RSL10/3.0.534/lib/ble_core/Release/libblelib.a(llc.o)
                0x001096d0                llc_version_rd_event_send
 .text.llc_common_cmd_complete_send
                0x0010970c       0x20 C:/Users/h274519/ON_Semiconductor/ONSemiconductor/RSL10/3.0.534/lib/ble_core/Release/libblelib.a(llc.o)
                0x0010970c                llc_common_cmd_complete_send
 .text.llc_common_cmd_status_send
                0x0010972c       0x1c C:/Users/h274519/ON_Semiconductor/ONSemiconductor/RSL10/3.0.534/lib/ble_core/Release/libblelib.a(llc.o)
                0x0010972c                llc_common_cmd_status_send
 .text.llc_common_enc_key_ref_comp_evt_send
                0x00109748       0x20 C:/Users/h274519/ON_Semiconductor/ONSemiconductor/RSL10/3.0.534/lib/ble_core/Release/libblelib.a(llc.o)
                0x00109748                llc_common_enc_key_ref_comp_evt_send
 .text.llc_common_enc_change_evt_send
                0x00109768       0x78 C:/Users/h274519/ON_Semiconductor/ONSemiconductor/RSL10/3.0.534/lib/ble_core/Release/libblelib.a(llc.o)
                0x00109768                llc_common_enc_change_evt_send
 .text.llc_common_nb_of_pkt_comp_evt_send
                0x001097e0       0x24 C:/Users/h274519/ON_Semiconductor/ONSemiconductor/RSL10/3.0.534/lib/ble_core/Release/libblelib.a(llc.o)
                0x001097e0                llc_common_nb_of_pkt_comp_evt_send
 .text.llc_con_update_ind
                0x00109804       0x4c C:/Users/h274519/ON_Semiconductor/ONSemiconductor/RSL10/3.0.534/lib/ble_core/Release/libblelib.a(llc.o)
                0x00109804                llc_con_update_ind
 .text.llc_lsto_con_update
                0x00109850       0x44 C:/Users/h274519/ON_Semiconductor/ONSemiconductor/RSL10/3.0.534/lib/ble_core/Release/libblelib.a(llc.o)
                0x00109850                llc_lsto_con_update
 .text.llc_map_update_ind
                0x00109894       0x6c C:/Users/h274519/ON_Semiconductor/ONSemiconductor/RSL10/3.0.534/lib/ble_core/Release/libblelib.a(llc.o)
                0x00109894                llc_map_update_ind
 .text.llc_con_update_finished
                0x00109900       0x84 C:/Users/h274519/ON_Semiconductor/ONSemiconductor/RSL10/3.0.534/lib/ble_core/Release/libblelib.a(llc.o)
                0x00109900                llc_con_update_finished
 .text.llc_map_update_finished
                0x00109984       0x7c C:/Users/h274519/ON_Semiconductor/ONSemiconductor/RSL10/3.0.534/lib/ble_core/Release/libblelib.a(llc.o)
                0x00109984                llc_map_update_finished
 .text.llc_phy_update_complete_send
                0x00109a00       0x2a C:/Users/h274519/ON_Semiconductor/ONSemiconductor/RSL10/3.0.534/lib/ble_core/Release/libblelib.a(llc.o)
                0x00109a00                llc_phy_update_complete_send
 *fill*         0x00109a2a        0x2 
 .text.llc_phy_update_finished
                0x00109a2c       0xbc C:/Users/h274519/ON_Semiconductor/ONSemiconductor/RSL10/3.0.534/lib/ble_core/Release/libblelib.a(llc.o)
                0x00109a2c                llc_phy_update_finished
 .text.llc_llcp_send
                0x00109ae8       0x8c C:/Users/h274519/ON_Semiconductor/ONSemiconductor/RSL10/3.0.534/lib/ble_core/Release/libblelib.a(llc_llcp.o)
 .text.llcp_ping_rsp_handler
                0x00109b74       0x54 C:/Users/h274519/ON_Semiconductor/ONSemiconductor/RSL10/3.0.534/lib/ble_core/Release/libblelib.a(llc_llcp.o)
 .text.llcp_enc_rsp_handler
                0x00109bc8       0xe0 C:/Users/h274519/ON_Semiconductor/ONSemiconductor/RSL10/3.0.534/lib/ble_core/Release/libblelib.a(llc_llcp.o)
 .text.llcp_terminate_ind_handler
                0x00109ca8       0x4c C:/Users/h274519/ON_Semiconductor/ONSemiconductor/RSL10/3.0.534/lib/ble_core/Release/libblelib.a(llc_llcp.o)
 .text.llc_llcp_reject_ind
                0x00109cf4      0x224 C:/Users/h274519/ON_Semiconductor/ONSemiconductor/RSL10/3.0.534/lib/ble_core/Release/libblelib.a(llc_llcp.o)
 .text.llcp_reject_ind_ext_handler
                0x00109f18        0xe C:/Users/h274519/ON_Semiconductor/ONSemiconductor/RSL10/3.0.534/lib/ble_core/Release/libblelib.a(llc_llcp.o)
 .text.llcp_reject_ind_handler
                0x00109f26        0xe C:/Users/h274519/ON_Semiconductor/ONSemiconductor/RSL10/3.0.534/lib/ble_core/Release/libblelib.a(llc_llcp.o)
 .text.llcp_pause_enc_req_handler
                0x00109f34       0xb0 C:/Users/h274519/ON_Semiconductor/ONSemiconductor/RSL10/3.0.534/lib/ble_core/Release/libblelib.a(llc_llcp.o)
 .text.llcp_start_enc_req_handler
                0x00109fe4       0x68 C:/Users/h274519/ON_Semiconductor/ONSemiconductor/RSL10/3.0.534/lib/ble_core/Release/libblelib.a(llc_llcp.o)
 .text.llcp_enc_req_handler
                0x0010a04c       0xc0 C:/Users/h274519/ON_Semiconductor/ONSemiconductor/RSL10/3.0.534/lib/ble_core/Release/libblelib.a(llc_llcp.o)
 .text.llcp_unknown_rsp_handler
                0x0010a10c      0x23c C:/Users/h274519/ON_Semiconductor/ONSemiconductor/RSL10/3.0.534/lib/ble_core/Release/libblelib.a(llc_llcp.o)
 .text.llc_llcp_version_ind_pdu_send
                0x0010a348       0x2c C:/Users/h274519/ON_Semiconductor/ONSemiconductor/RSL10/3.0.534/lib/ble_core/Release/libblelib.a(llc_llcp.o)
                0x0010a348                llc_llcp_version_ind_pdu_send
 .text.llcp_vers_ind_handler
                0x0010a374       0x94 C:/Users/h274519/ON_Semiconductor/ONSemiconductor/RSL10/3.0.534/lib/ble_core/Release/libblelib.a(llc_llcp.o)
 .text.llc_llcp_ch_map_update_pdu_send
                0x0010a408       0x44 C:/Users/h274519/ON_Semiconductor/ONSemiconductor/RSL10/3.0.534/lib/ble_core/Release/libblelib.a(llc_llcp.o)
                0x0010a408                llc_llcp_ch_map_update_pdu_send
 .text.llc_llcp_pause_enc_req_pdu_send
                0x0010a44c       0x30 C:/Users/h274519/ON_Semiconductor/ONSemiconductor/RSL10/3.0.534/lib/ble_core/Release/libblelib.a(llc_llcp.o)
                0x0010a44c                llc_llcp_pause_enc_req_pdu_send
 .text.llc_llcp_pause_enc_rsp_pdu_send
                0x0010a47c       0x40 C:/Users/h274519/ON_Semiconductor/ONSemiconductor/RSL10/3.0.534/lib/ble_core/Release/libblelib.a(llc_llcp.o)
                0x0010a47c                llc_llcp_pause_enc_rsp_pdu_send
 .text.llcp_pause_enc_rsp_handler
                0x0010a4bc       0xd4 C:/Users/h274519/ON_Semiconductor/ONSemiconductor/RSL10/3.0.534/lib/ble_core/Release/libblelib.a(llc_llcp.o)
 .text.llc_llcp_enc_req_pdu_send
                0x0010a590       0xe0 C:/Users/h274519/ON_Semiconductor/ONSemiconductor/RSL10/3.0.534/lib/ble_core/Release/libblelib.a(llc_llcp.o)
                0x0010a590                llc_llcp_enc_req_pdu_send
 .text.llc_llcp_enc_rsp_pdu_send
                0x0010a670       0x74 C:/Users/h274519/ON_Semiconductor/ONSemiconductor/RSL10/3.0.534/lib/ble_core/Release/libblelib.a(llc_llcp.o)
                0x0010a670                llc_llcp_enc_rsp_pdu_send
 .text.llc_llcp_start_enc_rsp_pdu_send
                0x0010a6e4       0x34 C:/Users/h274519/ON_Semiconductor/ONSemiconductor/RSL10/3.0.534/lib/ble_core/Release/libblelib.a(llc_llcp.o)
                0x0010a6e4                llc_llcp_start_enc_rsp_pdu_send
 .text.llcp_start_enc_rsp_handler
                0x0010a718      0x10c C:/Users/h274519/ON_Semiconductor/ONSemiconductor/RSL10/3.0.534/lib/ble_core/Release/libblelib.a(llc_llcp.o)
 .text.llc_llcp_reject_ind_pdu_send
                0x0010a824       0x5c C:/Users/h274519/ON_Semiconductor/ONSemiconductor/RSL10/3.0.534/lib/ble_core/Release/libblelib.a(llc_llcp.o)
                0x0010a824                llc_llcp_reject_ind_pdu_send
 .text.llcp_phy_upd_ind_handler
                0x0010a880      0x1e8 C:/Users/h274519/ON_Semiconductor/ONSemiconductor/RSL10/3.0.534/lib/ble_core/Release/libblelib.a(llc_llcp.o)
 .text.llcp_phy_rsp_handler
                0x0010aa68       0x6c C:/Users/h274519/ON_Semiconductor/ONSemiconductor/RSL10/3.0.534/lib/ble_core/Release/libblelib.a(llc_llcp.o)
 .text.llcp_length_rsp_handler
                0x0010aad4      0x13c C:/Users/h274519/ON_Semiconductor/ONSemiconductor/RSL10/3.0.534/lib/ble_core/Release/libblelib.a(llc_llcp.o)
 .text.llcp_con_param_rsp_handler
                0x0010ac10       0xf0 C:/Users/h274519/ON_Semiconductor/ONSemiconductor/RSL10/3.0.534/lib/ble_core/Release/libblelib.a(llc_llcp.o)
 .text.llcp_feats_rsp_handler
                0x0010ad00       0xa8 C:/Users/h274519/ON_Semiconductor/ONSemiconductor/RSL10/3.0.534/lib/ble_core/Release/libblelib.a(llc_llcp.o)
 .text.llcp_channel_map_ind_handler
                0x0010ada8      0x128 C:/Users/h274519/ON_Semiconductor/ONSemiconductor/RSL10/3.0.534/lib/ble_core/Release/libblelib.a(llc_llcp.o)
 .text.llcp_con_upd_ind_handler
                0x0010aed0      0x174 C:/Users/h274519/ON_Semiconductor/ONSemiconductor/RSL10/3.0.534/lib/ble_core/Release/libblelib.a(llc_llcp.o)
 .text.llc_llcp_con_update_pdu_send
                0x0010b044       0x3a C:/Users/h274519/ON_Semiconductor/ONSemiconductor/RSL10/3.0.534/lib/ble_core/Release/libblelib.a(llc_llcp.o)
                0x0010b044                llc_llcp_con_update_pdu_send
 .text.llc_llcp_con_param_req_pdu_send
                0x0010b07e       0x60 C:/Users/h274519/ON_Semiconductor/ONSemiconductor/RSL10/3.0.534/lib/ble_core/Release/libblelib.a(llc_llcp.o)
                0x0010b07e                llc_llcp_con_param_req_pdu_send
 .text.llc_llcp_con_param_rsp_pdu_send
                0x0010b0de       0x60 C:/Users/h274519/ON_Semiconductor/ONSemiconductor/RSL10/3.0.534/lib/ble_core/Release/libblelib.a(llc_llcp.o)
                0x0010b0de                llc_llcp_con_param_rsp_pdu_send
 *fill*         0x0010b13e        0x2 
 .text.llcp_con_param_req_handler
                0x0010b140      0x200 C:/Users/h274519/ON_Semiconductor/ONSemiconductor/RSL10/3.0.534/lib/ble_core/Release/libblelib.a(llc_llcp.o)
 .text.llc_llcp_feats_req_pdu_send
                0x0010b340       0x2c C:/Users/h274519/ON_Semiconductor/ONSemiconductor/RSL10/3.0.534/lib/ble_core/Release/libblelib.a(llc_llcp.o)
                0x0010b340                llc_llcp_feats_req_pdu_send
 .text.llc_llcp_feats_rsp_pdu_send
                0x0010b36c       0x26 C:/Users/h274519/ON_Semiconductor/ONSemiconductor/RSL10/3.0.534/lib/ble_core/Release/libblelib.a(llc_llcp.o)
                0x0010b36c                llc_llcp_feats_rsp_pdu_send
 *fill*         0x0010b392        0x2 
 .text.llcp_feats_req_handler
                0x0010b394       0x50 C:/Users/h274519/ON_Semiconductor/ONSemiconductor/RSL10/3.0.534/lib/ble_core/Release/libblelib.a(llc_llcp.o)
 .text.llcp_slave_feature_req_handler
                0x0010b3e4        0x4 C:/Users/h274519/ON_Semiconductor/ONSemiconductor/RSL10/3.0.534/lib/ble_core/Release/libblelib.a(llc_llcp.o)
 .text.llc_llcp_start_enc_req_pdu_send
                0x0010b3e8       0x16 C:/Users/h274519/ON_Semiconductor/ONSemiconductor/RSL10/3.0.534/lib/ble_core/Release/libblelib.a(llc_llcp.o)
                0x0010b3e8                llc_llcp_start_enc_req_pdu_send
 *fill*         0x0010b3fe        0x2 
 .text.llc_llcp_terminate_ind_pdu_send
                0x0010b400       0x64 C:/Users/h274519/ON_Semiconductor/ONSemiconductor/RSL10/3.0.534/lib/ble_core/Release/libblelib.a(llc_llcp.o)
                0x0010b400                llc_llcp_terminate_ind_pdu_send
 .text.llc_llcp_unknown_rsp_send_pdu
                0x0010b464       0x1a C:/Users/h274519/ON_Semiconductor/ONSemiconductor/RSL10/3.0.534/lib/ble_core/Release/libblelib.a(llc_llcp.o)
                0x0010b464                llc_llcp_unknown_rsp_send_pdu
 .text.llc_llcp_ping_req_pdu_send
                0x0010b47e       0x16 C:/Users/h274519/ON_Semiconductor/ONSemiconductor/RSL10/3.0.534/lib/ble_core/Release/libblelib.a(llc_llcp.o)
                0x0010b47e                llc_llcp_ping_req_pdu_send
 .text.llc_llcp_ping_rsp_pdu_send
                0x0010b494       0x16 C:/Users/h274519/ON_Semiconductor/ONSemiconductor/RSL10/3.0.534/lib/ble_core/Release/libblelib.a(llc_llcp.o)
                0x0010b494                llc_llcp_ping_rsp_pdu_send
 *fill*         0x0010b4aa        0x2 
 .text.llcp_ping_req_handler
                0x0010b4ac       0x24 C:/Users/h274519/ON_Semiconductor/ONSemiconductor/RSL10/3.0.534/lib/ble_core/Release/libblelib.a(llc_llcp.o)
 .text.llc_llcp_length_req_pdu_send
                0x0010b4d0       0x40 C:/Users/h274519/ON_Semiconductor/ONSemiconductor/RSL10/3.0.534/lib/ble_core/Release/libblelib.a(llc_llcp.o)
                0x0010b4d0                llc_llcp_length_req_pdu_send
 .text.llc_llcp_length_rsp_pdu_send
                0x0010b510       0x40 C:/Users/h274519/ON_Semiconductor/ONSemiconductor/RSL10/3.0.534/lib/ble_core/Release/libblelib.a(llc_llcp.o)
                0x0010b510                llc_llcp_length_rsp_pdu_send
 .text.llcp_length_req_handler
                0x0010b550      0x104 C:/Users/h274519/ON_Semiconductor/ONSemiconductor/RSL10/3.0.534/lib/ble_core/Release/libblelib.a(llc_llcp.o)
 .text.llc_llcp_phy_req_pdu_send
                0x0010b654       0x22 C:/Users/h274519/ON_Semiconductor/ONSemiconductor/RSL10/3.0.534/lib/ble_core/Release/libblelib.a(llc_llcp.o)
                0x0010b654                llc_llcp_phy_req_pdu_send
 .text.llc_llcp_phy_rsp_pdu_send
                0x0010b676       0x22 C:/Users/h274519/ON_Semiconductor/ONSemiconductor/RSL10/3.0.534/lib/ble_core/Release/libblelib.a(llc_llcp.o)
                0x0010b676                llc_llcp_phy_rsp_pdu_send
 .text.llcp_phy_req_handler
                0x0010b698      0x198 C:/Users/h274519/ON_Semiconductor/ONSemiconductor/RSL10/3.0.534/lib/ble_core/Release/libblelib.a(llc_llcp.o)
 .text.llc_llcp_phy_upd_ind_pdu_send
                0x0010b830       0x28 C:/Users/h274519/ON_Semiconductor/ONSemiconductor/RSL10/3.0.534/lib/ble_core/Release/libblelib.a(llc_llcp.o)
                0x0010b830                llc_llcp_phy_upd_ind_pdu_send
 .text.llc_llcp_recv_handler
                0x0010b858       0x98 C:/Users/h274519/ON_Semiconductor/ONSemiconductor/RSL10/3.0.534/lib/ble_core/Release/libblelib.a(llc_llcp.o)
                0x0010b858                llc_llcp_recv_handler
 .text.llc_llcp_get_autorize
                0x0010b8f0       0x14 C:/Users/h274519/ON_Semiconductor/ONSemiconductor/RSL10/3.0.534/lib/ble_core/Release/libblelib.a(llc_llcp.o)
                0x0010b8f0                llc_llcp_get_autorize
 .text.llc_dft_handler
                0x0010b904        0x4 C:/Users/h274519/ON_Semiconductor/ONSemiconductor/RSL10/3.0.534/lib/ble_core/Release/libblelib.a(llc_task.o)
 .text.llm_enc_ind_handler
                0x0010b908       0xc8 C:/Users/h274519/ON_Semiconductor/ONSemiconductor/RSL10/3.0.534/lib/ble_core/Release/libblelib.a(llc_task.o)
 .text.llc_llcp_recv_ind_handler
                0x0010b9d0        0xc C:/Users/h274519/ON_Semiconductor/ONSemiconductor/RSL10/3.0.534/lib/ble_core/Release/libblelib.a(llc_task.o)
 .text.llc_phy_upd_req_ind_handler
                0x0010b9dc      0x3e0 C:/Users/h274519/ON_Semiconductor/ONSemiconductor/RSL10/3.0.534/lib/ble_core/Release/libblelib.a(llc_task.o)
 .text.llc_chmap_update_req_ind_handler
                0x0010bdbc       0x68 C:/Users/h274519/ON_Semiconductor/ONSemiconductor/RSL10/3.0.534/lib/ble_core/Release/libblelib.a(llc_task.o)
 .text.llc_auth_payl_real_to_ind_handler
                0x0010be24       0x5c C:/Users/h274519/ON_Semiconductor/ONSemiconductor/RSL10/3.0.534/lib/ble_core/Release/libblelib.a(llc_task.o)
 .text.llc_con_upd_req_ind_handler
                0x0010be80      0x22c C:/Users/h274519/ON_Semiconductor/ONSemiconductor/RSL10/3.0.534/lib/ble_core/Release/libblelib.a(llc_task.o)
 .text.llc_length_req_ind_handler
                0x0010c0ac       0x80 C:/Users/h274519/ON_Semiconductor/ONSemiconductor/RSL10/3.0.534/lib/ble_core/Release/libblelib.a(llc_task.o)
 .text.llc_task_random_gen_request
                0x0010c12c       0x32 C:/Users/h274519/ON_Semiconductor/ONSemiconductor/RSL10/3.0.534/lib/ble_core/Release/libblelib.a(llc_task.o)
 *fill*         0x0010c15e        0x2 
 .text.llc_enc_mgt_ind_handler
                0x0010c160      0x204 C:/Users/h274519/ON_Semiconductor/ONSemiconductor/RSL10/3.0.534/lib/ble_core/Release/libblelib.a(llc_task.o)
 .text.llc_chnl_assess_timer_handler
                0x0010c364       0x8c C:/Users/h274519/ON_Semiconductor/ONSemiconductor/RSL10/3.0.534/lib/ble_core/Release/libblelib.a(llc_task.o)
 .text.llc_llcp_rsp_to_ind_handler
                0x0010c3f0        0xe C:/Users/h274519/ON_Semiconductor/ONSemiconductor/RSL10/3.0.534/lib/ble_core/Release/libblelib.a(llc_task.o)
 .text.llc_link_sup_to_ind_handler
                0x0010c3fe       0x20 C:/Users/h274519/ON_Semiconductor/ONSemiconductor/RSL10/3.0.534/lib/ble_core/Release/libblelib.a(llc_task.o)
 *fill*         0x0010c41e        0x2 
 .text.llc_auth_payl_nearly_to_ind_handler
                0x0010c420       0x74 C:/Users/h274519/ON_Semiconductor/ONSemiconductor/RSL10/3.0.534/lib/ble_core/Release/libblelib.a(llc_task.o)
 .text.llc_data_ind_handler
                0x0010c494       0x58 C:/Users/h274519/ON_Semiconductor/ONSemiconductor/RSL10/3.0.534/lib/ble_core/Release/libblelib.a(llc_task.o)
 .text.lld_stop_ind_handler
                0x0010c4ec      0x120 C:/Users/h274519/ON_Semiconductor/ONSemiconductor/RSL10/3.0.534/lib/ble_core/Release/libblelib.a(llc_task.o)
 .text.llc_check_trafic_paused
                0x0010c60c       0x48 C:/Users/h274519/ON_Semiconductor/ONSemiconductor/RSL10/3.0.534/lib/ble_core/Release/libblelib.a(llc_util.o)
 .text.llc_util_get_free_conhdl
                0x0010c654       0x2a C:/Users/h274519/ON_Semiconductor/ONSemiconductor/RSL10/3.0.534/lib/ble_core/Release/libblelib.a(llc_util.o)
                0x0010c654                llc_util_get_free_conhdl
 .text.llc_util_get_nb_active_link
                0x0010c67e       0x28 C:/Users/h274519/ON_Semiconductor/ONSemiconductor/RSL10/3.0.534/lib/ble_core/Release/libblelib.a(llc_util.o)
                0x0010c67e                llc_util_get_nb_active_link
 *fill*         0x0010c6a6        0x2 
 .text.llc_util_dicon_procedure
                0x0010c6a8       0x3c C:/Users/h274519/ON_Semiconductor/ONSemiconductor/RSL10/3.0.534/lib/ble_core/Release/libblelib.a(llc_util.o)
                0x0010c6a8                llc_util_dicon_procedure
 .text.llc_util_update_channel_map
                0x0010c6e4       0x18 C:/Users/h274519/ON_Semiconductor/ONSemiconductor/RSL10/3.0.534/lib/ble_core/Release/libblelib.a(llc_util.o)
                0x0010c6e4                llc_util_update_channel_map
 .text.llc_util_set_auth_payl_to_margin
                0x0010c6fc       0x34 C:/Users/h274519/ON_Semiconductor/ONSemiconductor/RSL10/3.0.534/lib/ble_core/Release/libblelib.a(llc_util.o)
                0x0010c6fc                llc_util_set_auth_payl_to_margin
 .text.llc_util_clear_operation_ptr
                0x0010c730       0x20 C:/Users/h274519/ON_Semiconductor/ONSemiconductor/RSL10/3.0.534/lib/ble_core/Release/libblelib.a(llc_util.o)
                0x0010c730                llc_util_clear_operation_ptr
 .text.llc_util_bw_mgt
                0x0010c750       0x70 C:/Users/h274519/ON_Semiconductor/ONSemiconductor/RSL10/3.0.534/lib/ble_core/Release/libblelib.a(llc_util.o)
                0x0010c750                llc_util_bw_mgt
 .text.llc_end_evt_defer
                0x0010c7c0       0x50 C:/Users/h274519/ON_Semiconductor/ONSemiconductor/RSL10/3.0.534/lib/ble_core/Release/libblelib.a(llc_util.o)
                0x0010c7c0                llc_end_evt_defer
 .text.llc_pdu_llcp_tx_ack_defer
                0x0010c810       0xd4 C:/Users/h274519/ON_Semiconductor/ONSemiconductor/RSL10/3.0.534/lib/ble_core/Release/libblelib.a(llc_util.o)
                0x0010c810                llc_pdu_llcp_tx_ack_defer
 .text.llc_pdu_acl_tx_ack_defer
                0x0010c8e4       0x24 C:/Users/h274519/ON_Semiconductor/ONSemiconductor/RSL10/3.0.534/lib/ble_core/Release/libblelib.a(llc_util.o)
                0x0010c8e4                llc_pdu_acl_tx_ack_defer
 .text.llc_pdu_defer
                0x0010c908       0xd4 C:/Users/h274519/ON_Semiconductor/ONSemiconductor/RSL10/3.0.534/lib/ble_core/Release/libblelib.a(llc_util.o)
                0x0010c908                llc_pdu_defer
 .text.llc_start_enc_tx
                0x0010c9dc       0x64 C:/Users/h274519/ON_Semiconductor/ONSemiconductor/RSL10/3.0.534/lib/ble_core/Release/libblelib.a(llc_util.o)
                0x0010c9dc                llc_start_enc_tx
 .text.llc_start_enc_rx
                0x0010ca40       0x68 C:/Users/h274519/ON_Semiconductor/ONSemiconductor/RSL10/3.0.534/lib/ble_core/Release/libblelib.a(llc_util.o)
                0x0010ca40                llc_start_enc_rx
 .text.em_buf_init
                0x0010caa8       0xec C:/Users/h274519/ON_Semiconductor/ONSemiconductor/RSL10/3.0.534/lib/ble_core/Release/libblelib.a(em_buf.o)
                0x0010caa8                em_buf_init
 .text.em_buf_rx_free
                0x0010cb94       0x14 C:/Users/h274519/ON_Semiconductor/ONSemiconductor/RSL10/3.0.534/lib/ble_core/Release/libblelib.a(em_buf.o)
                0x0010cb94                em_buf_rx_free
 .text.em_buf_rx_buff_addr_get
                0x0010cba8       0x18 C:/Users/h274519/ON_Semiconductor/ONSemiconductor/RSL10/3.0.534/lib/ble_core/Release/libblelib.a(em_buf.o)
                0x0010cba8                em_buf_rx_buff_addr_get
 .text.em_buf_tx_free
                0x0010cbc0       0x64 C:/Users/h274519/ON_Semiconductor/ONSemiconductor/RSL10/3.0.534/lib/ble_core/Release/libblelib.a(em_buf.o)
                0x0010cbc0                em_buf_tx_free
 .text.rwble_hl_init
                0x0010cc24       0x1e C:/Users/h274519/ON_Semiconductor/ONSemiconductor/RSL10/3.0.534/lib/ble_core/Release/libblelib.a(rwble_hl.o)
                0x0010cc24                rwble_hl_init
 .text.rwble_hl_reset
                0x0010cc42       0x1e C:/Users/h274519/ON_Semiconductor/ONSemiconductor/RSL10/3.0.534/lib/ble_core/Release/libblelib.a(rwble_hl.o)
                0x0010cc42                rwble_hl_reset
 .text.l2cm_l2cap_tx_handler
                0x0010cc60       0x48 C:/Users/h274519/ON_Semiconductor/ONSemiconductor/RSL10/3.0.534/lib/ble_core/Release/libblelib.a(l2cm.o)
 .text.l2cm_init
                0x0010cca8       0x38 C:/Users/h274519/ON_Semiconductor/ONSemiconductor/RSL10/3.0.534/lib/ble_core/Release/libblelib.a(l2cm.o)
                0x0010cca8                l2cm_init
 .text.l2cm_create
                0x0010cce0        0x4 C:/Users/h274519/ON_Semiconductor/ONSemiconductor/RSL10/3.0.534/lib/ble_core/Release/libblelib.a(l2cm.o)
                0x0010cce0                l2cm_create
 .text.l2cm_set_link_layer_buff_size
                0x0010cce4       0x10 C:/Users/h274519/ON_Semiconductor/ONSemiconductor/RSL10/3.0.534/lib/ble_core/Release/libblelib.a(l2cm.o)
                0x0010cce4                l2cm_set_link_layer_buff_size
 .text.l2cm_get_nb_buffer_available
                0x0010ccf4        0xc C:/Users/h274519/ON_Semiconductor/ONSemiconductor/RSL10/3.0.534/lib/ble_core/Release/libblelib.a(l2cm.o)
                0x0010ccf4                l2cm_get_nb_buffer_available
 .text.l2cm_tx_status
                0x0010cd00       0x30 C:/Users/h274519/ON_Semiconductor/ONSemiconductor/RSL10/3.0.534/lib/ble_core/Release/libblelib.a(l2cm.o)
                0x0010cd00                l2cm_tx_status
 .text.l2cm_cleanup
                0x0010cd30       0x16 C:/Users/h274519/ON_Semiconductor/ONSemiconductor/RSL10/3.0.534/lib/ble_core/Release/libblelib.a(l2cm.o)
                0x0010cd30                l2cm_cleanup
 *fill*         0x0010cd46        0x2 
 .text.l2cc_create
                0x0010cd48       0x44 C:/Users/h274519/ON_Semiconductor/ONSemiconductor/RSL10/3.0.534/lib/ble_core/Release/libblelib.a(l2cc.o)
                0x0010cd48                l2cc_create
 .text.l2cc_update_state
                0x0010cd8c       0x2a C:/Users/h274519/ON_Semiconductor/ONSemiconductor/RSL10/3.0.534/lib/ble_core/Release/libblelib.a(l2cc.o)
                0x0010cd8c                l2cc_update_state
 *fill*         0x0010cdb6        0x2 
 .text.l2cc_send_complete_evt
                0x0010cdb8       0x60 C:/Users/h274519/ON_Semiconductor/ONSemiconductor/RSL10/3.0.534/lib/ble_core/Release/libblelib.a(l2cc.o)
                0x0010cdb8                l2cc_send_complete_evt
 .text.l2cc_send_error_evt
                0x0010ce18       0x2e C:/Users/h274519/ON_Semiconductor/ONSemiconductor/RSL10/3.0.534/lib/ble_core/Release/libblelib.a(l2cc.o)
                0x0010ce18                l2cc_send_error_evt
 *fill*         0x0010ce46        0x2 
 .text.l2cc_cleanup
                0x0010ce48       0xbc C:/Users/h274519/ON_Semiconductor/ONSemiconductor/RSL10/3.0.534/lib/ble_core/Release/libblelib.a(l2cc.o)
                0x0010ce48                l2cc_cleanup
 .text.l2cc_init
                0x0010cf04       0x3c C:/Users/h274519/ON_Semiconductor/ONSemiconductor/RSL10/3.0.534/lib/ble_core/Release/libblelib.a(l2cc.o)
                0x0010cf04                l2cc_init
 .text.l2cc_get_operation
                0x0010cf40       0x14 C:/Users/h274519/ON_Semiconductor/ONSemiconductor/RSL10/3.0.534/lib/ble_core/Release/libblelib.a(l2cc.o)
                0x0010cf40                l2cc_get_operation
 .text.l2cc_get_operation_ptr
                0x0010cf54       0x10 C:/Users/h274519/ON_Semiconductor/ONSemiconductor/RSL10/3.0.534/lib/ble_core/Release/libblelib.a(l2cc.o)
                0x0010cf54                l2cc_get_operation_ptr
 .text.l2cc_set_operation_ptr
                0x0010cf64       0x10 C:/Users/h274519/ON_Semiconductor/ONSemiconductor/RSL10/3.0.534/lib/ble_core/Release/libblelib.a(l2cc.o)
                0x0010cf64                l2cc_set_operation_ptr
 .text.l2cc_data_send
                0x0010cf74      0x24c C:/Users/h274519/ON_Semiconductor/ONSemiconductor/RSL10/3.0.534/lib/ble_core/Release/libblelib.a(l2cc.o)
                0x0010cf74                l2cc_data_send
 .text.l2cc_lecb_h2l_err
                0x0010d1c0       0x30 C:/Users/h274519/ON_Semiconductor/ONSemiconductor/RSL10/3.0.534/lib/ble_core/Release/libblelib.a(l2cc_lecb.o)
                0x0010d1c0                l2cc_lecb_h2l_err
 .text.l2cc_lecb_find
                0x0010d1f0       0x38 C:/Users/h274519/ON_Semiconductor/ONSemiconductor/RSL10/3.0.534/lib/ble_core/Release/libblelib.a(l2cc_lecb.o)
                0x0010d1f0                l2cc_lecb_find
 .text.l2cc_lecb_free
                0x0010d228       0xc4 C:/Users/h274519/ON_Semiconductor/ONSemiconductor/RSL10/3.0.534/lib/ble_core/Release/libblelib.a(l2cc_lecb.o)
                0x0010d228                l2cc_lecb_free
 .text.l2cc_lecb_init_disconnect
                0x0010d2ec       0x36 C:/Users/h274519/ON_Semiconductor/ONSemiconductor/RSL10/3.0.534/lib/ble_core/Release/libblelib.a(l2cc_lecb.o)
                0x0010d2ec                l2cc_lecb_init_disconnect
 .text.l2cc_lecb_send_con_req
                0x0010d322       0x54 C:/Users/h274519/ON_Semiconductor/ONSemiconductor/RSL10/3.0.534/lib/ble_core/Release/libblelib.a(l2cc_lecb.o)
                0x0010d322                l2cc_lecb_send_con_req
 .text.l2cc_lecb_send_con_rsp
                0x0010d376       0x42 C:/Users/h274519/ON_Semiconductor/ONSemiconductor/RSL10/3.0.534/lib/ble_core/Release/libblelib.a(l2cc_lecb.o)
                0x0010d376                l2cc_lecb_send_con_rsp
 .text.l2cc_lecb_send_disc_req
                0x0010d3b8       0x3a C:/Users/h274519/ON_Semiconductor/ONSemiconductor/RSL10/3.0.534/lib/ble_core/Release/libblelib.a(l2cc_lecb.o)
                0x0010d3b8                l2cc_lecb_send_disc_req
 .text.l2cc_lecb_send_disc_rsp
                0x0010d3f2       0x2a C:/Users/h274519/ON_Semiconductor/ONSemiconductor/RSL10/3.0.534/lib/ble_core/Release/libblelib.a(l2cc_lecb.o)
                0x0010d3f2                l2cc_lecb_send_disc_rsp
 .text.l2cc_lecb_send_credit_add
                0x0010d41c       0x2a C:/Users/h274519/ON_Semiconductor/ONSemiconductor/RSL10/3.0.534/lib/ble_core/Release/libblelib.a(l2cc_lecb.o)
                0x0010d41c                l2cc_lecb_send_credit_add
 *fill*         0x0010d446        0x2 
 .text.l2cc_lecb_pdu_pack
                0x0010d448       0x6c C:/Users/h274519/ON_Semiconductor/ONSemiconductor/RSL10/3.0.534/lib/ble_core/Release/libblelib.a(l2cc_pdu.o)
                0x0010d448                l2cc_lecb_pdu_pack
 .text.l2cc_lecb_pdu_unpack
                0x0010d4b4       0x88 C:/Users/h274519/ON_Semiconductor/ONSemiconductor/RSL10/3.0.534/lib/ble_core/Release/libblelib.a(l2cc_pdu.o)
                0x0010d4b4                l2cc_lecb_pdu_unpack
 .text.l2cc_pdu_pack
                0x0010d53c      0x2a0 C:/Users/h274519/ON_Semiconductor/ONSemiconductor/RSL10/3.0.534/lib/ble_core/Release/libblelib.a(l2cc_pdu.o)
                0x0010d53c                l2cc_pdu_pack
 .text.l2cc_pdu_unpack
                0x0010d7dc      0x280 C:/Users/h274519/ON_Semiconductor/ONSemiconductor/RSL10/3.0.534/lib/ble_core/Release/libblelib.a(l2cc_pdu.o)
                0x0010d7dc                l2cc_pdu_unpack
 .text.l2cc_pdu_rx_init
                0x0010da5c       0xbc C:/Users/h274519/ON_Semiconductor/ONSemiconductor/RSL10/3.0.534/lib/ble_core/Release/libblelib.a(l2cc_pdu.o)
                0x0010da5c                l2cc_pdu_rx_init
 .text.l2cc_pdu_header_check
                0x0010db18      0x2a4 C:/Users/h274519/ON_Semiconductor/ONSemiconductor/RSL10/3.0.534/lib/ble_core/Release/libblelib.a(l2cc_pdu.o)
                0x0010db18                l2cc_pdu_header_check
 .text.l2cc_default_msg_handler
                0x0010ddbc        0x4 C:/Users/h274519/ON_Semiconductor/ONSemiconductor/RSL10/3.0.534/lib/ble_core/Release/libblelib.a(l2cc_task.o)
 .text.l2cc_dbg_pdu_send_cmd_handler
                0x0010ddc0       0x3c C:/Users/h274519/ON_Semiconductor/ONSemiconductor/RSL10/3.0.534/lib/ble_core/Release/libblelib.a(l2cc_task.o)
 .text.l2cc_pdu_recv_ind_handler
                0x0010ddfc       0x6a C:/Users/h274519/ON_Semiconductor/ONSemiconductor/RSL10/3.0.534/lib/ble_core/Release/libblelib.a(l2cc_task.o)
 *fill*         0x0010de66        0x2 
 .text.hci_acl_data_rx_handler
                0x0010de68      0x124 C:/Users/h274519/ON_Semiconductor/ONSemiconductor/RSL10/3.0.534/lib/ble_core/Release/libblelib.a(l2cc_task.o)
 .text.l2cc_signaling_trans_to_ind_handler